running egg_info
creating ../../../build/copter/copter.egg-info
writing ../../../build/copter/copter.egg-info/PKG-INFO
writing dependency_links to ../../../build/copter/copter.egg-info/dependency_links.txt
writing entry points to ../../../build/copter/copter.egg-info/entry_points.txt
writing requirements to ../../../build/copter/copter.egg-info/requires.txt
writing top-level names to ../../../build/copter/copter.egg-info/top_level.txt
writing manifest file '../../../build/copter/copter.egg-info/SOURCES.txt'
reading manifest file '../../../build/copter/copter.egg-info/SOURCES.txt'
writing manifest file '../../../build/copter/copter.egg-info/SOURCES.txt'
running build
running build_py
creating /home/alejandro/Desktop/1-DOF_Copter/build/copter/build
creating /home/alejandro/Desktop/1-DOF_Copter/build/copter/build/lib
creating /home/alejandro/Desktop/1-DOF_Copter/build/copter/build/lib/copter
copying copter/serialNode.py -> /home/alejandro/Desktop/1-DOF_Copter/build/copter/build/lib/copter
copying copter/userBroadcast.py -> /home/alejandro/Desktop/1-DOF_Copter/build/copter/build/lib/copter
copying copter/__init__.py -> /home/alejandro/Desktop/1-DOF_Copter/build/copter/build/lib/copter
running install
running install_lib
creating /home/alejandro/Desktop/1-DOF_Copter/install/copter/lib/python3.12/site-packages/copter
copying /home/alejandro/Desktop/1-DOF_Copter/build/copter/build/lib/copter/serialNode.py -> /home/alejandro/Desktop/1-DOF_Copter/install/copter/lib/python3.12/site-packages/copter
copying /home/alejandro/Desktop/1-DOF_Copter/build/copter/build/lib/copter/userBroadcast.py -> /home/alejandro/Desktop/1-DOF_Copter/install/copter/lib/python3.12/site-packages/copter
copying /home/alejandro/Desktop/1-DOF_Copter/build/copter/build/lib/copter/__init__.py -> /home/alejandro/Desktop/1-DOF_Copter/install/copter/lib/python3.12/site-packages/copter
byte-compiling /home/alejandro/Desktop/1-DOF_Copter/install/copter/lib/python3.12/site-packages/copter/serialNode.py to serialNode.cpython-312.pyc
byte-compiling /home/alejandro/Desktop/1-DOF_Copter/install/copter/lib/python3.12/site-packages/copter/userBroadcast.py to userBroadcast.cpython-312.pyc
byte-compiling /home/alejandro/Desktop/1-DOF_Copter/install/copter/lib/python3.12/site-packages/copter/__init__.py to __init__.cpython-312.pyc
running install_data
creating /home/alejandro/Desktop/1-DOF_Copter/install/copter/share/ament_index
creating /home/alejandro/Desktop/1-DOF_Copter/install/copter/share/ament_index/resource_index
creating /home/alejandro/Desktop/1-DOF_Copter/install/copter/share/ament_index/resource_index/packages
copying resource/copter -> /home/alejandro/Desktop/1-DOF_Copter/install/copter/share/ament_index/resource_index/packages
copying package.xml -> /home/alejandro/Desktop/1-DOF_Copter/install/copter/share/copter
running install_egg_info
Copying ../../../build/copter/copter.egg-info to /home/alejandro/Desktop/1-DOF_Copter/install/copter/lib/python3.12/site-packages/copter-0.0.0-py3.12.egg-info
running install_scripts
Installing serial script to /home/alejandro/Desktop/1-DOF_Copter/install/copter/lib/copter
Installing tester script to /home/alejandro/Desktop/1-DOF_Copter/install/copter/lib/copter
writing list of installed files to '/home/alejandro/Desktop/1-DOF_Copter/build/copter/install.log'
