[4.493s] Invoking command in '/home/alejandro/Desktop/1-DOF_Copter/copter_ws/src/copter': DEBUGINFOD_URLS=https://debuginfod.ubuntu.com PYTHONPATH=/home/alejandro/Desktop/1-DOF_Copter/build/copter/prefix_override:/usr/lib/python3/dist-packages/colcon_core/task/python/colcon_distutils_commands:/home/alejandro/Desktop/1-DOF_Copter/install/copter/lib/python3.12/site-packages:${PYTHONPATH} /usr/bin/python3 -W ignore:setup.py install is deprecated -W ignore:easy_install command is deprecated setup.py egg_info --egg-base ../../../build/copter build --build-base /home/alejandro/Desktop/1-DOF_Copter/build/copter/build install --record /home/alejandro/Desktop/1-DOF_Copter/build/copter/install.log --install-scripts $base/lib/copter --single-version-externally-managed install_data
[4.819s] running egg_info
[4.819s] creating ../../../build/copter/copter.egg-info
[4.847s] writing ../../../build/copter/copter.egg-info/PKG-INFO
[4.847s] writing dependency_links to ../../../build/copter/copter.egg-info/dependency_links.txt
[4.847s] writing entry points to ../../../build/copter/copter.egg-info/entry_points.txt
[4.848s] writing requirements to ../../../build/copter/copter.egg-info/requires.txt
[4.848s] writing top-level names to ../../../build/copter/copter.egg-info/top_level.txt
[4.848s] writing manifest file '../../../build/copter/copter.egg-info/SOURCES.txt'
[4.904s] reading manifest file '../../../build/copter/copter.egg-info/SOURCES.txt'
[4.904s] writing manifest file '../../../build/copter/copter.egg-info/SOURCES.txt'
[4.905s] running build
[4.905s] running build_py
[4.905s] creating /home/alejandro/Desktop/1-DOF_Copter/build/copter/build
[4.905s] creating /home/alejandro/Desktop/1-DOF_Copter/build/copter/build/lib
[4.905s] creating /home/alejandro/Desktop/1-DOF_Copter/build/copter/build/lib/copter
[4.905s] copying copter/serialNode.py -> /home/alejandro/Desktop/1-DOF_Copter/build/copter/build/lib/copter
[4.905s] copying copter/userBroadcast.py -> /home/alejandro/Desktop/1-DOF_Copter/build/copter/build/lib/copter
[4.905s] copying copter/__init__.py -> /home/alejandro/Desktop/1-DOF_Copter/build/copter/build/lib/copter
[4.905s] running install
[4.911s] running install_lib
[4.939s] creating /home/alejandro/Desktop/1-DOF_Copter/install/copter/lib/python3.12/site-packages/copter
[4.939s] copying /home/alejandro/Desktop/1-DOF_Copter/build/copter/build/lib/copter/serialNode.py -> /home/alejandro/Desktop/1-DOF_Copter/install/copter/lib/python3.12/site-packages/copter
[4.939s] copying /home/alejandro/Desktop/1-DOF_Copter/build/copter/build/lib/copter/userBroadcast.py -> /home/alejandro/Desktop/1-DOF_Copter/install/copter/lib/python3.12/site-packages/copter
[4.939s] copying /home/alejandro/Desktop/1-DOF_Copter/build/copter/build/lib/copter/__init__.py -> /home/alejandro/Desktop/1-DOF_Copter/install/copter/lib/python3.12/site-packages/copter
[4.940s] byte-compiling /home/alejandro/Desktop/1-DOF_Copter/install/copter/lib/python3.12/site-packages/copter/serialNode.py to serialNode.cpython-312.pyc
[4.941s] byte-compiling /home/alejandro/Desktop/1-DOF_Copter/install/copter/lib/python3.12/site-packages/copter/userBroadcast.py to userBroadcast.cpython-312.pyc
[4.941s] byte-compiling /home/alejandro/Desktop/1-DOF_Copter/install/copter/lib/python3.12/site-packages/copter/__init__.py to __init__.cpython-312.pyc
[4.941s] running install_data
[4.941s] creating /home/alejandro/Desktop/1-DOF_Copter/install/copter/share/ament_index
[4.941s] creating /home/alejandro/Desktop/1-DOF_Copter/install/copter/share/ament_index/resource_index
[4.941s] creating /home/alejandro/Desktop/1-DOF_Copter/install/copter/share/ament_index/resource_index/packages
[4.942s] copying resource/copter -> /home/alejandro/Desktop/1-DOF_Copter/install/copter/share/ament_index/resource_index/packages
[4.942s] copying package.xml -> /home/alejandro/Desktop/1-DOF_Copter/install/copter/share/copter
[4.942s] running install_egg_info
[4.971s] Copying ../../../build/copter/copter.egg-info to /home/alejandro/Desktop/1-DOF_Copter/install/copter/lib/python3.12/site-packages/copter-0.0.0-py3.12.egg-info
[4.972s] running install_scripts
[5.147s] Installing serial script to /home/alejandro/Desktop/1-DOF_Copter/install/copter/lib/copter
[5.148s] Installing tester script to /home/alejandro/Desktop/1-DOF_Copter/install/copter/lib/copter
[5.148s] writing list of installed files to '/home/alejandro/Desktop/1-DOF_Copter/build/copter/install.log'
[5.174s] Invoked command in '/home/alejandro/Desktop/1-DOF_Copter/copter_ws/src/copter' returned '0': DEBUGINFOD_URLS=https://debuginfod.ubuntu.com PYTHONPATH=/home/alejandro/Desktop/1-DOF_Copter/build/copter/prefix_override:/usr/lib/python3/dist-packages/colcon_core/task/python/colcon_distutils_commands:/home/alejandro/Desktop/1-DOF_Copter/install/copter/lib/python3.12/site-packages:${PYTHONPATH} /usr/bin/python3 -W ignore:setup.py install is deprecated -W ignore:easy_install command is deprecated setup.py egg_info --egg-base ../../../build/copter build --build-base /home/alejandro/Desktop/1-DOF_Copter/build/copter/build install --record /home/alejandro/Desktop/1-DOF_Copter/build/copter/install.log --install-scripts $base/lib/copter --single-version-externally-managed install_data
