[0.713s] DEBUG:colcon:Command line arguments: ['/usr/bin/colcon', 'build']
[0.714s] DEBUG:colcon:Parsed command line arguments: Namespace(log_base=None, log_level=None, verb_name='build', build_base='build', install_base='install', merge_install=False, symlink_install=False, test_result_base=None, continue_on_error=False, executor='parallel', parallel_workers=6, event_handlers=None, ignore_user_meta=False, metas=['./colcon.meta'], base_paths=['.'], packages_ignore=None, packages_ignore_regex=None, paths=None, packages_up_to=None, packages_up_to_regex=None, packages_above=None, packages_above_and_dependencies=None, packages_above_depth=None, packages_select_by_dep=None, packages_skip_by_dep=None, packages_skip_up_to=None, packages_select_build_failed=False, packages_skip_build_finished=False, packages_select_test_failures=False, packages_skip_test_passed=False, packages_select=None, packages_skip=None, packages_select_regex=None, packages_skip_regex=None, packages_start=None, packages_end=None, allow_overriding=[], cmake_args=None, cmake_target=None, cmake_target_skip_unavailable=False, cmake_clean_cache=False, cmake_clean_first=False, cmake_force_configure=False, ament_cmake_args=None, catkin_cmake_args=None, catkin_skip_building_tests=False, mixin_files=None, mixin=None, verb_parser=<colcon_mixin.mixin.mixin_argument.MixinArgumentDecorator object at 0x7eb52b266960>, verb_extension=<colcon_core.verb.build.BuildVerb object at 0x7eb52b266780>, main=<bound method BuildVerb.main of <colcon_core.verb.build.BuildVerb object at 0x7eb52b266780>>, mixin_verb=('build',))
[0.957s] Level 1:colcon.colcon_core.package_discovery:discover_packages(colcon_meta) check parameters
[0.958s] Level 1:colcon.colcon_core.package_discovery:discover_packages(recursive) check parameters
[0.958s] Level 1:colcon.colcon_core.package_discovery:discover_packages(ignore) check parameters
[0.958s] Level 1:colcon.colcon_core.package_discovery:discover_packages(path) check parameters
[0.958s] Level 1:colcon.colcon_core.package_discovery:discover_packages(colcon_meta) discover
[0.958s] Level 1:colcon.colcon_core.package_discovery:discover_packages(recursive) discover
[0.959s] INFO:colcon.colcon_core.package_discovery:Crawling recursively for packages in '/home/alejandro/Desktop/1-DOF_Copter'
[0.959s] Level 1:colcon.colcon_core.package_identification:_identify(.) by extensions ['ignore', 'ignore_ament_install']
[0.959s] Level 1:colcon.colcon_core.package_identification:_identify(.) by extension 'ignore'
[0.960s] Level 1:colcon.colcon_core.package_identification:_identify(.) by extension 'ignore_ament_install'
[0.960s] Level 1:colcon.colcon_core.package_identification:_identify(.) by extensions ['colcon_pkg']
[0.960s] Level 1:colcon.colcon_core.package_identification:_identify(.) by extension 'colcon_pkg'
[0.960s] Level 1:colcon.colcon_core.package_identification:_identify(.) by extensions ['colcon_meta']
[0.960s] Level 1:colcon.colcon_core.package_identification:_identify(.) by extension 'colcon_meta'
[0.961s] Level 1:colcon.colcon_core.package_identification:_identify(.) by extensions ['ros']
[0.961s] Level 1:colcon.colcon_core.package_identification:_identify(.) by extension 'ros'
[1.082s] Level 1:colcon.colcon_core.package_identification:_identify(.) by extensions ['cmake', 'python']
[1.082s] Level 1:colcon.colcon_core.package_identification:_identify(.) by extension 'cmake'
[1.083s] Level 1:colcon.colcon_core.package_identification:_identify(.) by extension 'python'
[1.083s] Level 1:colcon.colcon_core.package_identification:_identify(.) by extensions ['python_setup_py']
[1.083s] Level 1:colcon.colcon_core.package_identification:_identify(.) by extension 'python_setup_py'
[1.083s] Level 1:colcon.colcon_core.package_identification:_identify(1-DOF_Copter) by extensions ['ignore', 'ignore_ament_install']
[1.083s] Level 1:colcon.colcon_core.package_identification:_identify(1-DOF_Copter) by extension 'ignore'
[1.083s] Level 1:colcon.colcon_core.package_identification:_identify(1-DOF_Copter) by extension 'ignore_ament_install'
[1.083s] Level 1:colcon.colcon_core.package_identification:_identify(1-DOF_Copter) by extensions ['colcon_pkg']
[1.083s] Level 1:colcon.colcon_core.package_identification:_identify(1-DOF_Copter) by extension 'colcon_pkg'
[1.083s] Level 1:colcon.colcon_core.package_identification:_identify(1-DOF_Copter) by extensions ['colcon_meta']
[1.083s] Level 1:colcon.colcon_core.package_identification:_identify(1-DOF_Copter) by extension 'colcon_meta'
[1.083s] Level 1:colcon.colcon_core.package_identification:_identify(1-DOF_Copter) by extensions ['ros']
[1.083s] Level 1:colcon.colcon_core.package_identification:_identify(1-DOF_Copter) by extension 'ros'
[1.083s] Level 1:colcon.colcon_core.package_identification:_identify(1-DOF_Copter) by extensions ['cmake', 'python']
[1.083s] Level 1:colcon.colcon_core.package_identification:_identify(1-DOF_Copter) by extension 'cmake'
[1.083s] Level 1:colcon.colcon_core.package_identification:_identify(1-DOF_Copter) by extension 'python'
[1.083s] Level 1:colcon.colcon_core.package_identification:_identify(1-DOF_Copter) by extensions ['python_setup_py']
[1.083s] Level 1:colcon.colcon_core.package_identification:_identify(1-DOF_Copter) by extension 'python_setup_py'
[1.084s] Level 1:colcon.colcon_core.package_identification:_identify(1-DOF_Copter/Core) by extensions ['ignore', 'ignore_ament_install']
[1.084s] Level 1:colcon.colcon_core.package_identification:_identify(1-DOF_Copter/Core) by extension 'ignore'
[1.084s] Level 1:colcon.colcon_core.package_identification:_identify(1-DOF_Copter/Core) by extension 'ignore_ament_install'
[1.084s] Level 1:colcon.colcon_core.package_identification:_identify(1-DOF_Copter/Core) by extensions ['colcon_pkg']
[1.084s] Level 1:colcon.colcon_core.package_identification:_identify(1-DOF_Copter/Core) by extension 'colcon_pkg'
[1.084s] Level 1:colcon.colcon_core.package_identification:_identify(1-DOF_Copter/Core) by extensions ['colcon_meta']
[1.084s] Level 1:colcon.colcon_core.package_identification:_identify(1-DOF_Copter/Core) by extension 'colcon_meta'
[1.084s] Level 1:colcon.colcon_core.package_identification:_identify(1-DOF_Copter/Core) by extensions ['ros']
[1.084s] Level 1:colcon.colcon_core.package_identification:_identify(1-DOF_Copter/Core) by extension 'ros'
[1.084s] Level 1:colcon.colcon_core.package_identification:_identify(1-DOF_Copter/Core) by extensions ['cmake', 'python']
[1.084s] Level 1:colcon.colcon_core.package_identification:_identify(1-DOF_Copter/Core) by extension 'cmake'
[1.084s] Level 1:colcon.colcon_core.package_identification:_identify(1-DOF_Copter/Core) by extension 'python'
[1.084s] Level 1:colcon.colcon_core.package_identification:_identify(1-DOF_Copter/Core) by extensions ['python_setup_py']
[1.084s] Level 1:colcon.colcon_core.package_identification:_identify(1-DOF_Copter/Core) by extension 'python_setup_py'
[1.084s] Level 1:colcon.colcon_core.package_identification:_identify(1-DOF_Copter/Core/Inc) by extensions ['ignore', 'ignore_ament_install']
[1.084s] Level 1:colcon.colcon_core.package_identification:_identify(1-DOF_Copter/Core/Inc) by extension 'ignore'
[1.085s] Level 1:colcon.colcon_core.package_identification:_identify(1-DOF_Copter/Core/Inc) by extension 'ignore_ament_install'
[1.085s] Level 1:colcon.colcon_core.package_identification:_identify(1-DOF_Copter/Core/Inc) by extensions ['colcon_pkg']
[1.085s] Level 1:colcon.colcon_core.package_identification:_identify(1-DOF_Copter/Core/Inc) by extension 'colcon_pkg'
[1.085s] Level 1:colcon.colcon_core.package_identification:_identify(1-DOF_Copter/Core/Inc) by extensions ['colcon_meta']
[1.085s] Level 1:colcon.colcon_core.package_identification:_identify(1-DOF_Copter/Core/Inc) by extension 'colcon_meta'
[1.085s] Level 1:colcon.colcon_core.package_identification:_identify(1-DOF_Copter/Core/Inc) by extensions ['ros']
[1.085s] Level 1:colcon.colcon_core.package_identification:_identify(1-DOF_Copter/Core/Inc) by extension 'ros'
[1.085s] Level 1:colcon.colcon_core.package_identification:_identify(1-DOF_Copter/Core/Inc) by extensions ['cmake', 'python']
[1.085s] Level 1:colcon.colcon_core.package_identification:_identify(1-DOF_Copter/Core/Inc) by extension 'cmake'
[1.085s] Level 1:colcon.colcon_core.package_identification:_identify(1-DOF_Copter/Core/Inc) by extension 'python'
[1.085s] Level 1:colcon.colcon_core.package_identification:_identify(1-DOF_Copter/Core/Inc) by extensions ['python_setup_py']
[1.085s] Level 1:colcon.colcon_core.package_identification:_identify(1-DOF_Copter/Core/Inc) by extension 'python_setup_py'
[1.085s] Level 1:colcon.colcon_core.package_identification:_identify(1-DOF_Copter/Core/Src) by extensions ['ignore', 'ignore_ament_install']
[1.085s] Level 1:colcon.colcon_core.package_identification:_identify(1-DOF_Copter/Core/Src) by extension 'ignore'
[1.085s] Level 1:colcon.colcon_core.package_identification:_identify(1-DOF_Copter/Core/Src) by extension 'ignore_ament_install'
[1.085s] Level 1:colcon.colcon_core.package_identification:_identify(1-DOF_Copter/Core/Src) by extensions ['colcon_pkg']
[1.085s] Level 1:colcon.colcon_core.package_identification:_identify(1-DOF_Copter/Core/Src) by extension 'colcon_pkg'
[1.086s] Level 1:colcon.colcon_core.package_identification:_identify(1-DOF_Copter/Core/Src) by extensions ['colcon_meta']
[1.086s] Level 1:colcon.colcon_core.package_identification:_identify(1-DOF_Copter/Core/Src) by extension 'colcon_meta'
[1.086s] Level 1:colcon.colcon_core.package_identification:_identify(1-DOF_Copter/Core/Src) by extensions ['ros']
[1.086s] Level 1:colcon.colcon_core.package_identification:_identify(1-DOF_Copter/Core/Src) by extension 'ros'
[1.086s] Level 1:colcon.colcon_core.package_identification:_identify(1-DOF_Copter/Core/Src) by extensions ['cmake', 'python']
[1.086s] Level 1:colcon.colcon_core.package_identification:_identify(1-DOF_Copter/Core/Src) by extension 'cmake'
[1.086s] Level 1:colcon.colcon_core.package_identification:_identify(1-DOF_Copter/Core/Src) by extension 'python'
[1.086s] Level 1:colcon.colcon_core.package_identification:_identify(1-DOF_Copter/Core/Src) by extensions ['python_setup_py']
[1.086s] Level 1:colcon.colcon_core.package_identification:_identify(1-DOF_Copter/Core/Src) by extension 'python_setup_py'
[1.086s] Level 1:colcon.colcon_core.package_identification:_identify(1-DOF_Copter/Core/Startup) by extensions ['ignore', 'ignore_ament_install']
[1.086s] Level 1:colcon.colcon_core.package_identification:_identify(1-DOF_Copter/Core/Startup) by extension 'ignore'
[1.086s] Level 1:colcon.colcon_core.package_identification:_identify(1-DOF_Copter/Core/Startup) by extension 'ignore_ament_install'
[1.086s] Level 1:colcon.colcon_core.package_identification:_identify(1-DOF_Copter/Core/Startup) by extensions ['colcon_pkg']
[1.086s] Level 1:colcon.colcon_core.package_identification:_identify(1-DOF_Copter/Core/Startup) by extension 'colcon_pkg'
[1.086s] Level 1:colcon.colcon_core.package_identification:_identify(1-DOF_Copter/Core/Startup) by extensions ['colcon_meta']
[1.086s] Level 1:colcon.colcon_core.package_identification:_identify(1-DOF_Copter/Core/Startup) by extension 'colcon_meta'
[1.086s] Level 1:colcon.colcon_core.package_identification:_identify(1-DOF_Copter/Core/Startup) by extensions ['ros']
[1.086s] Level 1:colcon.colcon_core.package_identification:_identify(1-DOF_Copter/Core/Startup) by extension 'ros'
[1.087s] Level 1:colcon.colcon_core.package_identification:_identify(1-DOF_Copter/Core/Startup) by extensions ['cmake', 'python']
[1.087s] Level 1:colcon.colcon_core.package_identification:_identify(1-DOF_Copter/Core/Startup) by extension 'cmake'
[1.087s] Level 1:colcon.colcon_core.package_identification:_identify(1-DOF_Copter/Core/Startup) by extension 'python'
[1.087s] Level 1:colcon.colcon_core.package_identification:_identify(1-DOF_Copter/Core/Startup) by extensions ['python_setup_py']
[1.087s] Level 1:colcon.colcon_core.package_identification:_identify(1-DOF_Copter/Core/Startup) by extension 'python_setup_py'
[1.097s] Level 1:colcon.colcon_core.package_identification:_identify(1-DOF_Copter/Debug) by extensions ['ignore', 'ignore_ament_install']
[1.097s] Level 1:colcon.colcon_core.package_identification:_identify(1-DOF_Copter/Debug) by extension 'ignore'
[1.097s] Level 1:colcon.colcon_core.package_identification:_identify(1-DOF_Copter/Debug) by extension 'ignore_ament_install'
[1.097s] Level 1:colcon.colcon_core.package_identification:_identify(1-DOF_Copter/Debug) by extensions ['colcon_pkg']
[1.097s] Level 1:colcon.colcon_core.package_identification:_identify(1-DOF_Copter/Debug) by extension 'colcon_pkg'
[1.097s] Level 1:colcon.colcon_core.package_identification:_identify(1-DOF_Copter/Debug) by extensions ['colcon_meta']
[1.097s] Level 1:colcon.colcon_core.package_identification:_identify(1-DOF_Copter/Debug) by extension 'colcon_meta'
[1.097s] Level 1:colcon.colcon_core.package_identification:_identify(1-DOF_Copter/Debug) by extensions ['ros']
[1.097s] Level 1:colcon.colcon_core.package_identification:_identify(1-DOF_Copter/Debug) by extension 'ros'
[1.097s] Level 1:colcon.colcon_core.package_identification:_identify(1-DOF_Copter/Debug) by extensions ['cmake', 'python']
[1.097s] Level 1:colcon.colcon_core.package_identification:_identify(1-DOF_Copter/Debug) by extension 'cmake'
[1.097s] Level 1:colcon.colcon_core.package_identification:_identify(1-DOF_Copter/Debug) by extension 'python'
[1.097s] Level 1:colcon.colcon_core.package_identification:_identify(1-DOF_Copter/Debug) by extensions ['python_setup_py']
[1.097s] Level 1:colcon.colcon_core.package_identification:_identify(1-DOF_Copter/Debug) by extension 'python_setup_py'
[1.103s] Level 1:colcon.colcon_core.package_identification:_identify(1-DOF_Copter/Debug/Core) by extensions ['ignore', 'ignore_ament_install']
[1.103s] Level 1:colcon.colcon_core.package_identification:_identify(1-DOF_Copter/Debug/Core) by extension 'ignore'
[1.103s] Level 1:colcon.colcon_core.package_identification:_identify(1-DOF_Copter/Debug/Core) by extension 'ignore_ament_install'
[1.104s] Level 1:colcon.colcon_core.package_identification:_identify(1-DOF_Copter/Debug/Core) by extensions ['colcon_pkg']
[1.104s] Level 1:colcon.colcon_core.package_identification:_identify(1-DOF_Copter/Debug/Core) by extension 'colcon_pkg'
[1.104s] Level 1:colcon.colcon_core.package_identification:_identify(1-DOF_Copter/Debug/Core) by extensions ['colcon_meta']
[1.104s] Level 1:colcon.colcon_core.package_identification:_identify(1-DOF_Copter/Debug/Core) by extension 'colcon_meta'
[1.104s] Level 1:colcon.colcon_core.package_identification:_identify(1-DOF_Copter/Debug/Core) by extensions ['ros']
[1.104s] Level 1:colcon.colcon_core.package_identification:_identify(1-DOF_Copter/Debug/Core) by extension 'ros'
[1.104s] Level 1:colcon.colcon_core.package_identification:_identify(1-DOF_Copter/Debug/Core) by extensions ['cmake', 'python']
[1.104s] Level 1:colcon.colcon_core.package_identification:_identify(1-DOF_Copter/Debug/Core) by extension 'cmake'
[1.104s] Level 1:colcon.colcon_core.package_identification:_identify(1-DOF_Copter/Debug/Core) by extension 'python'
[1.104s] Level 1:colcon.colcon_core.package_identification:_identify(1-DOF_Copter/Debug/Core) by extensions ['python_setup_py']
[1.104s] Level 1:colcon.colcon_core.package_identification:_identify(1-DOF_Copter/Debug/Core) by extension 'python_setup_py'
[1.104s] Level 1:colcon.colcon_core.package_identification:_identify(1-DOF_Copter/Debug/Core/Src) by extensions ['ignore', 'ignore_ament_install']
[1.104s] Level 1:colcon.colcon_core.package_identification:_identify(1-DOF_Copter/Debug/Core/Src) by extension 'ignore'
[1.104s] Level 1:colcon.colcon_core.package_identification:_identify(1-DOF_Copter/Debug/Core/Src) by extension 'ignore_ament_install'
[1.104s] Level 1:colcon.colcon_core.package_identification:_identify(1-DOF_Copter/Debug/Core/Src) by extensions ['colcon_pkg']
[1.105s] Level 1:colcon.colcon_core.package_identification:_identify(1-DOF_Copter/Debug/Core/Src) by extension 'colcon_pkg'
[1.105s] Level 1:colcon.colcon_core.package_identification:_identify(1-DOF_Copter/Debug/Core/Src) by extensions ['colcon_meta']
[1.105s] Level 1:colcon.colcon_core.package_identification:_identify(1-DOF_Copter/Debug/Core/Src) by extension 'colcon_meta'
[1.105s] Level 1:colcon.colcon_core.package_identification:_identify(1-DOF_Copter/Debug/Core/Src) by extensions ['ros']
[1.105s] Level 1:colcon.colcon_core.package_identification:_identify(1-DOF_Copter/Debug/Core/Src) by extension 'ros'
[1.105s] Level 1:colcon.colcon_core.package_identification:_identify(1-DOF_Copter/Debug/Core/Src) by extensions ['cmake', 'python']
[1.105s] Level 1:colcon.colcon_core.package_identification:_identify(1-DOF_Copter/Debug/Core/Src) by extension 'cmake'
[1.105s] Level 1:colcon.colcon_core.package_identification:_identify(1-DOF_Copter/Debug/Core/Src) by extension 'python'
[1.105s] Level 1:colcon.colcon_core.package_identification:_identify(1-DOF_Copter/Debug/Core/Src) by extensions ['python_setup_py']
[1.105s] Level 1:colcon.colcon_core.package_identification:_identify(1-DOF_Copter/Debug/Core/Src) by extension 'python_setup_py'
[1.105s] Level 1:colcon.colcon_core.package_identification:_identify(1-DOF_Copter/Debug/Core/Startup) by extensions ['ignore', 'ignore_ament_install']
[1.105s] Level 1:colcon.colcon_core.package_identification:_identify(1-DOF_Copter/Debug/Core/Startup) by extension 'ignore'
[1.105s] Level 1:colcon.colcon_core.package_identification:_identify(1-DOF_Copter/Debug/Core/Startup) by extension 'ignore_ament_install'
[1.105s] Level 1:colcon.colcon_core.package_identification:_identify(1-DOF_Copter/Debug/Core/Startup) by extensions ['colcon_pkg']
[1.105s] Level 1:colcon.colcon_core.package_identification:_identify(1-DOF_Copter/Debug/Core/Startup) by extension 'colcon_pkg'
[1.106s] Level 1:colcon.colcon_core.package_identification:_identify(1-DOF_Copter/Debug/Core/Startup) by extensions ['colcon_meta']
[1.106s] Level 1:colcon.colcon_core.package_identification:_identify(1-DOF_Copter/Debug/Core/Startup) by extension 'colcon_meta'
[1.106s] Level 1:colcon.colcon_core.package_identification:_identify(1-DOF_Copter/Debug/Core/Startup) by extensions ['ros']
[1.106s] Level 1:colcon.colcon_core.package_identification:_identify(1-DOF_Copter/Debug/Core/Startup) by extension 'ros'
[1.106s] Level 1:colcon.colcon_core.package_identification:_identify(1-DOF_Copter/Debug/Core/Startup) by extensions ['cmake', 'python']
[1.106s] Level 1:colcon.colcon_core.package_identification:_identify(1-DOF_Copter/Debug/Core/Startup) by extension 'cmake'
[1.106s] Level 1:colcon.colcon_core.package_identification:_identify(1-DOF_Copter/Debug/Core/Startup) by extension 'python'
[1.106s] Level 1:colcon.colcon_core.package_identification:_identify(1-DOF_Copter/Debug/Core/Startup) by extensions ['python_setup_py']
[1.106s] Level 1:colcon.colcon_core.package_identification:_identify(1-DOF_Copter/Debug/Core/Startup) by extension 'python_setup_py'
[1.119s] Level 1:colcon.colcon_core.package_identification:_identify(1-DOF_Copter/Debug/Drivers) by extensions ['ignore', 'ignore_ament_install']
[1.119s] Level 1:colcon.colcon_core.package_identification:_identify(1-DOF_Copter/Debug/Drivers) by extension 'ignore'
[1.119s] Level 1:colcon.colcon_core.package_identification:_identify(1-DOF_Copter/Debug/Drivers) by extension 'ignore_ament_install'
[1.119s] Level 1:colcon.colcon_core.package_identification:_identify(1-DOF_Copter/Debug/Drivers) by extensions ['colcon_pkg']
[1.119s] Level 1:colcon.colcon_core.package_identification:_identify(1-DOF_Copter/Debug/Drivers) by extension 'colcon_pkg'
[1.119s] Level 1:colcon.colcon_core.package_identification:_identify(1-DOF_Copter/Debug/Drivers) by extensions ['colcon_meta']
[1.119s] Level 1:colcon.colcon_core.package_identification:_identify(1-DOF_Copter/Debug/Drivers) by extension 'colcon_meta'
[1.119s] Level 1:colcon.colcon_core.package_identification:_identify(1-DOF_Copter/Debug/Drivers) by extensions ['ros']
[1.119s] Level 1:colcon.colcon_core.package_identification:_identify(1-DOF_Copter/Debug/Drivers) by extension 'ros'
[1.119s] Level 1:colcon.colcon_core.package_identification:_identify(1-DOF_Copter/Debug/Drivers) by extensions ['cmake', 'python']
[1.119s] Level 1:colcon.colcon_core.package_identification:_identify(1-DOF_Copter/Debug/Drivers) by extension 'cmake'
[1.119s] Level 1:colcon.colcon_core.package_identification:_identify(1-DOF_Copter/Debug/Drivers) by extension 'python'
[1.120s] Level 1:colcon.colcon_core.package_identification:_identify(1-DOF_Copter/Debug/Drivers) by extensions ['python_setup_py']
[1.120s] Level 1:colcon.colcon_core.package_identification:_identify(1-DOF_Copter/Debug/Drivers) by extension 'python_setup_py'
[1.120s] Level 1:colcon.colcon_core.package_identification:_identify(1-DOF_Copter/Debug/Drivers/STM32F4xx_HAL_Driver) by extensions ['ignore', 'ignore_ament_install']
[1.120s] Level 1:colcon.colcon_core.package_identification:_identify(1-DOF_Copter/Debug/Drivers/STM32F4xx_HAL_Driver) by extension 'ignore'
[1.120s] Level 1:colcon.colcon_core.package_identification:_identify(1-DOF_Copter/Debug/Drivers/STM32F4xx_HAL_Driver) by extension 'ignore_ament_install'
[1.120s] Level 1:colcon.colcon_core.package_identification:_identify(1-DOF_Copter/Debug/Drivers/STM32F4xx_HAL_Driver) by extensions ['colcon_pkg']
[1.120s] Level 1:colcon.colcon_core.package_identification:_identify(1-DOF_Copter/Debug/Drivers/STM32F4xx_HAL_Driver) by extension 'colcon_pkg'
[1.120s] Level 1:colcon.colcon_core.package_identification:_identify(1-DOF_Copter/Debug/Drivers/STM32F4xx_HAL_Driver) by extensions ['colcon_meta']
[1.120s] Level 1:colcon.colcon_core.package_identification:_identify(1-DOF_Copter/Debug/Drivers/STM32F4xx_HAL_Driver) by extension 'colcon_meta'
[1.120s] Level 1:colcon.colcon_core.package_identification:_identify(1-DOF_Copter/Debug/Drivers/STM32F4xx_HAL_Driver) by extensions ['ros']
[1.120s] Level 1:colcon.colcon_core.package_identification:_identify(1-DOF_Copter/Debug/Drivers/STM32F4xx_HAL_Driver) by extension 'ros'
[1.120s] Level 1:colcon.colcon_core.package_identification:_identify(1-DOF_Copter/Debug/Drivers/STM32F4xx_HAL_Driver) by extensions ['cmake', 'python']
[1.120s] Level 1:colcon.colcon_core.package_identification:_identify(1-DOF_Copter/Debug/Drivers/STM32F4xx_HAL_Driver) by extension 'cmake'
[1.120s] Level 1:colcon.colcon_core.package_identification:_identify(1-DOF_Copter/Debug/Drivers/STM32F4xx_HAL_Driver) by extension 'python'
[1.120s] Level 1:colcon.colcon_core.package_identification:_identify(1-DOF_Copter/Debug/Drivers/STM32F4xx_HAL_Driver) by extensions ['python_setup_py']
[1.121s] Level 1:colcon.colcon_core.package_identification:_identify(1-DOF_Copter/Debug/Drivers/STM32F4xx_HAL_Driver) by extension 'python_setup_py'
[1.121s] Level 1:colcon.colcon_core.package_identification:_identify(1-DOF_Copter/Debug/Drivers/STM32F4xx_HAL_Driver/Src) by extensions ['ignore', 'ignore_ament_install']
[1.121s] Level 1:colcon.colcon_core.package_identification:_identify(1-DOF_Copter/Debug/Drivers/STM32F4xx_HAL_Driver/Src) by extension 'ignore'
[1.121s] Level 1:colcon.colcon_core.package_identification:_identify(1-DOF_Copter/Debug/Drivers/STM32F4xx_HAL_Driver/Src) by extension 'ignore_ament_install'
[1.121s] Level 1:colcon.colcon_core.package_identification:_identify(1-DOF_Copter/Debug/Drivers/STM32F4xx_HAL_Driver/Src) by extensions ['colcon_pkg']
[1.121s] Level 1:colcon.colcon_core.package_identification:_identify(1-DOF_Copter/Debug/Drivers/STM32F4xx_HAL_Driver/Src) by extension 'colcon_pkg'
[1.121s] Level 1:colcon.colcon_core.package_identification:_identify(1-DOF_Copter/Debug/Drivers/STM32F4xx_HAL_Driver/Src) by extensions ['colcon_meta']
[1.121s] Level 1:colcon.colcon_core.package_identification:_identify(1-DOF_Copter/Debug/Drivers/STM32F4xx_HAL_Driver/Src) by extension 'colcon_meta'
[1.121s] Level 1:colcon.colcon_core.package_identification:_identify(1-DOF_Copter/Debug/Drivers/STM32F4xx_HAL_Driver/Src) by extensions ['ros']
[1.121s] Level 1:colcon.colcon_core.package_identification:_identify(1-DOF_Copter/Debug/Drivers/STM32F4xx_HAL_Driver/Src) by extension 'ros'
[1.121s] Level 1:colcon.colcon_core.package_identification:_identify(1-DOF_Copter/Debug/Drivers/STM32F4xx_HAL_Driver/Src) by extensions ['cmake', 'python']
[1.121s] Level 1:colcon.colcon_core.package_identification:_identify(1-DOF_Copter/Debug/Drivers/STM32F4xx_HAL_Driver/Src) by extension 'cmake'
[1.121s] Level 1:colcon.colcon_core.package_identification:_identify(1-DOF_Copter/Debug/Drivers/STM32F4xx_HAL_Driver/Src) by extension 'python'
[1.122s] Level 1:colcon.colcon_core.package_identification:_identify(1-DOF_Copter/Debug/Drivers/STM32F4xx_HAL_Driver/Src) by extensions ['python_setup_py']
[1.122s] Level 1:colcon.colcon_core.package_identification:_identify(1-DOF_Copter/Debug/Drivers/STM32F4xx_HAL_Driver/Src) by extension 'python_setup_py'
[1.122s] Level 1:colcon.colcon_core.package_identification:_identify(1-DOF_Copter/Drivers) by extensions ['ignore', 'ignore_ament_install']
[1.122s] Level 1:colcon.colcon_core.package_identification:_identify(1-DOF_Copter/Drivers) by extension 'ignore'
[1.122s] Level 1:colcon.colcon_core.package_identification:_identify(1-DOF_Copter/Drivers) by extension 'ignore_ament_install'
[1.122s] Level 1:colcon.colcon_core.package_identification:_identify(1-DOF_Copter/Drivers) by extensions ['colcon_pkg']
[1.122s] Level 1:colcon.colcon_core.package_identification:_identify(1-DOF_Copter/Drivers) by extension 'colcon_pkg'
[1.122s] Level 1:colcon.colcon_core.package_identification:_identify(1-DOF_Copter/Drivers) by extensions ['colcon_meta']
[1.122s] Level 1:colcon.colcon_core.package_identification:_identify(1-DOF_Copter/Drivers) by extension 'colcon_meta'
[1.122s] Level 1:colcon.colcon_core.package_identification:_identify(1-DOF_Copter/Drivers) by extensions ['ros']
[1.122s] Level 1:colcon.colcon_core.package_identification:_identify(1-DOF_Copter/Drivers) by extension 'ros'
[1.122s] Level 1:colcon.colcon_core.package_identification:_identify(1-DOF_Copter/Drivers) by extensions ['cmake', 'python']
[1.122s] Level 1:colcon.colcon_core.package_identification:_identify(1-DOF_Copter/Drivers) by extension 'cmake'
[1.122s] Level 1:colcon.colcon_core.package_identification:_identify(1-DOF_Copter/Drivers) by extension 'python'
[1.122s] Level 1:colcon.colcon_core.package_identification:_identify(1-DOF_Copter/Drivers) by extensions ['python_setup_py']
[1.122s] Level 1:colcon.colcon_core.package_identification:_identify(1-DOF_Copter/Drivers) by extension 'python_setup_py'
[1.122s] Level 1:colcon.colcon_core.package_identification:_identify(1-DOF_Copter/Drivers/CMSIS) by extensions ['ignore', 'ignore_ament_install']
[1.122s] Level 1:colcon.colcon_core.package_identification:_identify(1-DOF_Copter/Drivers/CMSIS) by extension 'ignore'
[1.122s] Level 1:colcon.colcon_core.package_identification:_identify(1-DOF_Copter/Drivers/CMSIS) by extension 'ignore_ament_install'
[1.123s] Level 1:colcon.colcon_core.package_identification:_identify(1-DOF_Copter/Drivers/CMSIS) by extensions ['colcon_pkg']
[1.123s] Level 1:colcon.colcon_core.package_identification:_identify(1-DOF_Copter/Drivers/CMSIS) by extension 'colcon_pkg'
[1.123s] Level 1:colcon.colcon_core.package_identification:_identify(1-DOF_Copter/Drivers/CMSIS) by extensions ['colcon_meta']
[1.123s] Level 1:colcon.colcon_core.package_identification:_identify(1-DOF_Copter/Drivers/CMSIS) by extension 'colcon_meta'
[1.123s] Level 1:colcon.colcon_core.package_identification:_identify(1-DOF_Copter/Drivers/CMSIS) by extensions ['ros']
[1.123s] Level 1:colcon.colcon_core.package_identification:_identify(1-DOF_Copter/Drivers/CMSIS) by extension 'ros'
[1.123s] Level 1:colcon.colcon_core.package_identification:_identify(1-DOF_Copter/Drivers/CMSIS) by extensions ['cmake', 'python']
[1.123s] Level 1:colcon.colcon_core.package_identification:_identify(1-DOF_Copter/Drivers/CMSIS) by extension 'cmake'
[1.123s] Level 1:colcon.colcon_core.package_identification:_identify(1-DOF_Copter/Drivers/CMSIS) by extension 'python'
[1.123s] Level 1:colcon.colcon_core.package_identification:_identify(1-DOF_Copter/Drivers/CMSIS) by extensions ['python_setup_py']
[1.123s] Level 1:colcon.colcon_core.package_identification:_identify(1-DOF_Copter/Drivers/CMSIS) by extension 'python_setup_py'
[1.123s] Level 1:colcon.colcon_core.package_identification:_identify(1-DOF_Copter/Drivers/CMSIS/Device) by extensions ['ignore', 'ignore_ament_install']
[1.123s] Level 1:colcon.colcon_core.package_identification:_identify(1-DOF_Copter/Drivers/CMSIS/Device) by extension 'ignore'
[1.123s] Level 1:colcon.colcon_core.package_identification:_identify(1-DOF_Copter/Drivers/CMSIS/Device) by extension 'ignore_ament_install'
[1.123s] Level 1:colcon.colcon_core.package_identification:_identify(1-DOF_Copter/Drivers/CMSIS/Device) by extensions ['colcon_pkg']
[1.123s] Level 1:colcon.colcon_core.package_identification:_identify(1-DOF_Copter/Drivers/CMSIS/Device) by extension 'colcon_pkg'
[1.123s] Level 1:colcon.colcon_core.package_identification:_identify(1-DOF_Copter/Drivers/CMSIS/Device) by extensions ['colcon_meta']
[1.123s] Level 1:colcon.colcon_core.package_identification:_identify(1-DOF_Copter/Drivers/CMSIS/Device) by extension 'colcon_meta'
[1.123s] Level 1:colcon.colcon_core.package_identification:_identify(1-DOF_Copter/Drivers/CMSIS/Device) by extensions ['ros']
[1.123s] Level 1:colcon.colcon_core.package_identification:_identify(1-DOF_Copter/Drivers/CMSIS/Device) by extension 'ros'
[1.124s] Level 1:colcon.colcon_core.package_identification:_identify(1-DOF_Copter/Drivers/CMSIS/Device) by extensions ['cmake', 'python']
[1.124s] Level 1:colcon.colcon_core.package_identification:_identify(1-DOF_Copter/Drivers/CMSIS/Device) by extension 'cmake'
[1.124s] Level 1:colcon.colcon_core.package_identification:_identify(1-DOF_Copter/Drivers/CMSIS/Device) by extension 'python'
[1.124s] Level 1:colcon.colcon_core.package_identification:_identify(1-DOF_Copter/Drivers/CMSIS/Device) by extensions ['python_setup_py']
[1.124s] Level 1:colcon.colcon_core.package_identification:_identify(1-DOF_Copter/Drivers/CMSIS/Device) by extension 'python_setup_py'
[1.124s] Level 1:colcon.colcon_core.package_identification:_identify(1-DOF_Copter/Drivers/CMSIS/Device/ST) by extensions ['ignore', 'ignore_ament_install']
[1.124s] Level 1:colcon.colcon_core.package_identification:_identify(1-DOF_Copter/Drivers/CMSIS/Device/ST) by extension 'ignore'
[1.124s] Level 1:colcon.colcon_core.package_identification:_identify(1-DOF_Copter/Drivers/CMSIS/Device/ST) by extension 'ignore_ament_install'
[1.124s] Level 1:colcon.colcon_core.package_identification:_identify(1-DOF_Copter/Drivers/CMSIS/Device/ST) by extensions ['colcon_pkg']
[1.124s] Level 1:colcon.colcon_core.package_identification:_identify(1-DOF_Copter/Drivers/CMSIS/Device/ST) by extension 'colcon_pkg'
[1.124s] Level 1:colcon.colcon_core.package_identification:_identify(1-DOF_Copter/Drivers/CMSIS/Device/ST) by extensions ['colcon_meta']
[1.124s] Level 1:colcon.colcon_core.package_identification:_identify(1-DOF_Copter/Drivers/CMSIS/Device/ST) by extension 'colcon_meta'
[1.124s] Level 1:colcon.colcon_core.package_identification:_identify(1-DOF_Copter/Drivers/CMSIS/Device/ST) by extensions ['ros']
[1.124s] Level 1:colcon.colcon_core.package_identification:_identify(1-DOF_Copter/Drivers/CMSIS/Device/ST) by extension 'ros'
[1.124s] Level 1:colcon.colcon_core.package_identification:_identify(1-DOF_Copter/Drivers/CMSIS/Device/ST) by extensions ['cmake', 'python']
[1.124s] Level 1:colcon.colcon_core.package_identification:_identify(1-DOF_Copter/Drivers/CMSIS/Device/ST) by extension 'cmake'
[1.124s] Level 1:colcon.colcon_core.package_identification:_identify(1-DOF_Copter/Drivers/CMSIS/Device/ST) by extension 'python'
[1.124s] Level 1:colcon.colcon_core.package_identification:_identify(1-DOF_Copter/Drivers/CMSIS/Device/ST) by extensions ['python_setup_py']
[1.124s] Level 1:colcon.colcon_core.package_identification:_identify(1-DOF_Copter/Drivers/CMSIS/Device/ST) by extension 'python_setup_py'
[1.124s] Level 1:colcon.colcon_core.package_identification:_identify(1-DOF_Copter/Drivers/CMSIS/Device/ST/STM32F4xx) by extensions ['ignore', 'ignore_ament_install']
[1.125s] Level 1:colcon.colcon_core.package_identification:_identify(1-DOF_Copter/Drivers/CMSIS/Device/ST/STM32F4xx) by extension 'ignore'
[1.125s] Level 1:colcon.colcon_core.package_identification:_identify(1-DOF_Copter/Drivers/CMSIS/Device/ST/STM32F4xx) by extension 'ignore_ament_install'
[1.125s] Level 1:colcon.colcon_core.package_identification:_identify(1-DOF_Copter/Drivers/CMSIS/Device/ST/STM32F4xx) by extensions ['colcon_pkg']
[1.125s] Level 1:colcon.colcon_core.package_identification:_identify(1-DOF_Copter/Drivers/CMSIS/Device/ST/STM32F4xx) by extension 'colcon_pkg'
[1.125s] Level 1:colcon.colcon_core.package_identification:_identify(1-DOF_Copter/Drivers/CMSIS/Device/ST/STM32F4xx) by extensions ['colcon_meta']
[1.125s] Level 1:colcon.colcon_core.package_identification:_identify(1-DOF_Copter/Drivers/CMSIS/Device/ST/STM32F4xx) by extension 'colcon_meta'
[1.125s] Level 1:colcon.colcon_core.package_identification:_identify(1-DOF_Copter/Drivers/CMSIS/Device/ST/STM32F4xx) by extensions ['ros']
[1.125s] Level 1:colcon.colcon_core.package_identification:_identify(1-DOF_Copter/Drivers/CMSIS/Device/ST/STM32F4xx) by extension 'ros'
[1.125s] Level 1:colcon.colcon_core.package_identification:_identify(1-DOF_Copter/Drivers/CMSIS/Device/ST/STM32F4xx) by extensions ['cmake', 'python']
[1.125s] Level 1:colcon.colcon_core.package_identification:_identify(1-DOF_Copter/Drivers/CMSIS/Device/ST/STM32F4xx) by extension 'cmake'
[1.125s] Level 1:colcon.colcon_core.package_identification:_identify(1-DOF_Copter/Drivers/CMSIS/Device/ST/STM32F4xx) by extension 'python'
[1.125s] Level 1:colcon.colcon_core.package_identification:_identify(1-DOF_Copter/Drivers/CMSIS/Device/ST/STM32F4xx) by extensions ['python_setup_py']
[1.125s] Level 1:colcon.colcon_core.package_identification:_identify(1-DOF_Copter/Drivers/CMSIS/Device/ST/STM32F4xx) by extension 'python_setup_py'
[1.125s] Level 1:colcon.colcon_core.package_identification:_identify(1-DOF_Copter/Drivers/CMSIS/Device/ST/STM32F4xx/Include) by extensions ['ignore', 'ignore_ament_install']
[1.125s] Level 1:colcon.colcon_core.package_identification:_identify(1-DOF_Copter/Drivers/CMSIS/Device/ST/STM32F4xx/Include) by extension 'ignore'
[1.125s] Level 1:colcon.colcon_core.package_identification:_identify(1-DOF_Copter/Drivers/CMSIS/Device/ST/STM32F4xx/Include) by extension 'ignore_ament_install'
[1.125s] Level 1:colcon.colcon_core.package_identification:_identify(1-DOF_Copter/Drivers/CMSIS/Device/ST/STM32F4xx/Include) by extensions ['colcon_pkg']
[1.126s] Level 1:colcon.colcon_core.package_identification:_identify(1-DOF_Copter/Drivers/CMSIS/Device/ST/STM32F4xx/Include) by extension 'colcon_pkg'
[1.126s] Level 1:colcon.colcon_core.package_identification:_identify(1-DOF_Copter/Drivers/CMSIS/Device/ST/STM32F4xx/Include) by extensions ['colcon_meta']
[1.126s] Level 1:colcon.colcon_core.package_identification:_identify(1-DOF_Copter/Drivers/CMSIS/Device/ST/STM32F4xx/Include) by extension 'colcon_meta'
[1.126s] Level 1:colcon.colcon_core.package_identification:_identify(1-DOF_Copter/Drivers/CMSIS/Device/ST/STM32F4xx/Include) by extensions ['ros']
[1.126s] Level 1:colcon.colcon_core.package_identification:_identify(1-DOF_Copter/Drivers/CMSIS/Device/ST/STM32F4xx/Include) by extension 'ros'
[1.126s] Level 1:colcon.colcon_core.package_identification:_identify(1-DOF_Copter/Drivers/CMSIS/Device/ST/STM32F4xx/Include) by extensions ['cmake', 'python']
[1.126s] Level 1:colcon.colcon_core.package_identification:_identify(1-DOF_Copter/Drivers/CMSIS/Device/ST/STM32F4xx/Include) by extension 'cmake'
[1.126s] Level 1:colcon.colcon_core.package_identification:_identify(1-DOF_Copter/Drivers/CMSIS/Device/ST/STM32F4xx/Include) by extension 'python'
[1.126s] Level 1:colcon.colcon_core.package_identification:_identify(1-DOF_Copter/Drivers/CMSIS/Device/ST/STM32F4xx/Include) by extensions ['python_setup_py']
[1.126s] Level 1:colcon.colcon_core.package_identification:_identify(1-DOF_Copter/Drivers/CMSIS/Device/ST/STM32F4xx/Include) by extension 'python_setup_py'
[1.126s] Level 1:colcon.colcon_core.package_identification:_identify(1-DOF_Copter/Drivers/CMSIS/Device/ST/STM32F4xx/Source) by extensions ['ignore', 'ignore_ament_install']
[1.126s] Level 1:colcon.colcon_core.package_identification:_identify(1-DOF_Copter/Drivers/CMSIS/Device/ST/STM32F4xx/Source) by extension 'ignore'
[1.126s] Level 1:colcon.colcon_core.package_identification:_identify(1-DOF_Copter/Drivers/CMSIS/Device/ST/STM32F4xx/Source) by extension 'ignore_ament_install'
[1.126s] Level 1:colcon.colcon_core.package_identification:_identify(1-DOF_Copter/Drivers/CMSIS/Device/ST/STM32F4xx/Source) by extensions ['colcon_pkg']
[1.126s] Level 1:colcon.colcon_core.package_identification:_identify(1-DOF_Copter/Drivers/CMSIS/Device/ST/STM32F4xx/Source) by extension 'colcon_pkg'
[1.126s] Level 1:colcon.colcon_core.package_identification:_identify(1-DOF_Copter/Drivers/CMSIS/Device/ST/STM32F4xx/Source) by extensions ['colcon_meta']
[1.126s] Level 1:colcon.colcon_core.package_identification:_identify(1-DOF_Copter/Drivers/CMSIS/Device/ST/STM32F4xx/Source) by extension 'colcon_meta'
[1.126s] Level 1:colcon.colcon_core.package_identification:_identify(1-DOF_Copter/Drivers/CMSIS/Device/ST/STM32F4xx/Source) by extensions ['ros']
[1.126s] Level 1:colcon.colcon_core.package_identification:_identify(1-DOF_Copter/Drivers/CMSIS/Device/ST/STM32F4xx/Source) by extension 'ros'
[1.127s] Level 1:colcon.colcon_core.package_identification:_identify(1-DOF_Copter/Drivers/CMSIS/Device/ST/STM32F4xx/Source) by extensions ['cmake', 'python']
[1.127s] Level 1:colcon.colcon_core.package_identification:_identify(1-DOF_Copter/Drivers/CMSIS/Device/ST/STM32F4xx/Source) by extension 'cmake'
[1.127s] Level 1:colcon.colcon_core.package_identification:_identify(1-DOF_Copter/Drivers/CMSIS/Device/ST/STM32F4xx/Source) by extension 'python'
[1.127s] Level 1:colcon.colcon_core.package_identification:_identify(1-DOF_Copter/Drivers/CMSIS/Device/ST/STM32F4xx/Source) by extensions ['python_setup_py']
[1.127s] Level 1:colcon.colcon_core.package_identification:_identify(1-DOF_Copter/Drivers/CMSIS/Device/ST/STM32F4xx/Source) by extension 'python_setup_py'
[1.127s] Level 1:colcon.colcon_core.package_identification:_identify(1-DOF_Copter/Drivers/CMSIS/Device/ST/STM32F4xx/Source/Templates) by extensions ['ignore', 'ignore_ament_install']
[1.127s] Level 1:colcon.colcon_core.package_identification:_identify(1-DOF_Copter/Drivers/CMSIS/Device/ST/STM32F4xx/Source/Templates) by extension 'ignore'
[1.127s] Level 1:colcon.colcon_core.package_identification:_identify(1-DOF_Copter/Drivers/CMSIS/Device/ST/STM32F4xx/Source/Templates) by extension 'ignore_ament_install'
[1.127s] Level 1:colcon.colcon_core.package_identification:_identify(1-DOF_Copter/Drivers/CMSIS/Device/ST/STM32F4xx/Source/Templates) by extensions ['colcon_pkg']
[1.127s] Level 1:colcon.colcon_core.package_identification:_identify(1-DOF_Copter/Drivers/CMSIS/Device/ST/STM32F4xx/Source/Templates) by extension 'colcon_pkg'
[1.127s] Level 1:colcon.colcon_core.package_identification:_identify(1-DOF_Copter/Drivers/CMSIS/Device/ST/STM32F4xx/Source/Templates) by extensions ['colcon_meta']
[1.127s] Level 1:colcon.colcon_core.package_identification:_identify(1-DOF_Copter/Drivers/CMSIS/Device/ST/STM32F4xx/Source/Templates) by extension 'colcon_meta'
[1.127s] Level 1:colcon.colcon_core.package_identification:_identify(1-DOF_Copter/Drivers/CMSIS/Device/ST/STM32F4xx/Source/Templates) by extensions ['ros']
[1.127s] Level 1:colcon.colcon_core.package_identification:_identify(1-DOF_Copter/Drivers/CMSIS/Device/ST/STM32F4xx/Source/Templates) by extension 'ros'
[1.127s] Level 1:colcon.colcon_core.package_identification:_identify(1-DOF_Copter/Drivers/CMSIS/Device/ST/STM32F4xx/Source/Templates) by extensions ['cmake', 'python']
[1.127s] Level 1:colcon.colcon_core.package_identification:_identify(1-DOF_Copter/Drivers/CMSIS/Device/ST/STM32F4xx/Source/Templates) by extension 'cmake'
[1.127s] Level 1:colcon.colcon_core.package_identification:_identify(1-DOF_Copter/Drivers/CMSIS/Device/ST/STM32F4xx/Source/Templates) by extension 'python'
[1.127s] Level 1:colcon.colcon_core.package_identification:_identify(1-DOF_Copter/Drivers/CMSIS/Device/ST/STM32F4xx/Source/Templates) by extensions ['python_setup_py']
[1.128s] Level 1:colcon.colcon_core.package_identification:_identify(1-DOF_Copter/Drivers/CMSIS/Device/ST/STM32F4xx/Source/Templates) by extension 'python_setup_py'
[1.128s] Level 1:colcon.colcon_core.package_identification:_identify(1-DOF_Copter/Drivers/CMSIS/Include) by extensions ['ignore', 'ignore_ament_install']
[1.128s] Level 1:colcon.colcon_core.package_identification:_identify(1-DOF_Copter/Drivers/CMSIS/Include) by extension 'ignore'
[1.128s] Level 1:colcon.colcon_core.package_identification:_identify(1-DOF_Copter/Drivers/CMSIS/Include) by extension 'ignore_ament_install'
[1.128s] Level 1:colcon.colcon_core.package_identification:_identify(1-DOF_Copter/Drivers/CMSIS/Include) by extensions ['colcon_pkg']
[1.128s] Level 1:colcon.colcon_core.package_identification:_identify(1-DOF_Copter/Drivers/CMSIS/Include) by extension 'colcon_pkg'
[1.128s] Level 1:colcon.colcon_core.package_identification:_identify(1-DOF_Copter/Drivers/CMSIS/Include) by extensions ['colcon_meta']
[1.128s] Level 1:colcon.colcon_core.package_identification:_identify(1-DOF_Copter/Drivers/CMSIS/Include) by extension 'colcon_meta'
[1.128s] Level 1:colcon.colcon_core.package_identification:_identify(1-DOF_Copter/Drivers/CMSIS/Include) by extensions ['ros']
[1.128s] Level 1:colcon.colcon_core.package_identification:_identify(1-DOF_Copter/Drivers/CMSIS/Include) by extension 'ros'
[1.128s] Level 1:colcon.colcon_core.package_identification:_identify(1-DOF_Copter/Drivers/CMSIS/Include) by extensions ['cmake', 'python']
[1.128s] Level 1:colcon.colcon_core.package_identification:_identify(1-DOF_Copter/Drivers/CMSIS/Include) by extension 'cmake'
[1.128s] Level 1:colcon.colcon_core.package_identification:_identify(1-DOF_Copter/Drivers/CMSIS/Include) by extension 'python'
[1.128s] Level 1:colcon.colcon_core.package_identification:_identify(1-DOF_Copter/Drivers/CMSIS/Include) by extensions ['python_setup_py']
[1.128s] Level 1:colcon.colcon_core.package_identification:_identify(1-DOF_Copter/Drivers/CMSIS/Include) by extension 'python_setup_py'
[1.128s] Level 1:colcon.colcon_core.package_identification:_identify(1-DOF_Copter/Drivers/STM32F4xx_HAL_Driver) by extensions ['ignore', 'ignore_ament_install']
[1.128s] Level 1:colcon.colcon_core.package_identification:_identify(1-DOF_Copter/Drivers/STM32F4xx_HAL_Driver) by extension 'ignore'
[1.129s] Level 1:colcon.colcon_core.package_identification:_identify(1-DOF_Copter/Drivers/STM32F4xx_HAL_Driver) by extension 'ignore_ament_install'
[1.129s] Level 1:colcon.colcon_core.package_identification:_identify(1-DOF_Copter/Drivers/STM32F4xx_HAL_Driver) by extensions ['colcon_pkg']
[1.129s] Level 1:colcon.colcon_core.package_identification:_identify(1-DOF_Copter/Drivers/STM32F4xx_HAL_Driver) by extension 'colcon_pkg'
[1.129s] Level 1:colcon.colcon_core.package_identification:_identify(1-DOF_Copter/Drivers/STM32F4xx_HAL_Driver) by extensions ['colcon_meta']
[1.129s] Level 1:colcon.colcon_core.package_identification:_identify(1-DOF_Copter/Drivers/STM32F4xx_HAL_Driver) by extension 'colcon_meta'
[1.129s] Level 1:colcon.colcon_core.package_identification:_identify(1-DOF_Copter/Drivers/STM32F4xx_HAL_Driver) by extensions ['ros']
[1.129s] Level 1:colcon.colcon_core.package_identification:_identify(1-DOF_Copter/Drivers/STM32F4xx_HAL_Driver) by extension 'ros'
[1.129s] Level 1:colcon.colcon_core.package_identification:_identify(1-DOF_Copter/Drivers/STM32F4xx_HAL_Driver) by extensions ['cmake', 'python']
[1.129s] Level 1:colcon.colcon_core.package_identification:_identify(1-DOF_Copter/Drivers/STM32F4xx_HAL_Driver) by extension 'cmake'
[1.129s] Level 1:colcon.colcon_core.package_identification:_identify(1-DOF_Copter/Drivers/STM32F4xx_HAL_Driver) by extension 'python'
[1.129s] Level 1:colcon.colcon_core.package_identification:_identify(1-DOF_Copter/Drivers/STM32F4xx_HAL_Driver) by extensions ['python_setup_py']
[1.129s] Level 1:colcon.colcon_core.package_identification:_identify(1-DOF_Copter/Drivers/STM32F4xx_HAL_Driver) by extension 'python_setup_py'
[1.129s] Level 1:colcon.colcon_core.package_identification:_identify(1-DOF_Copter/Drivers/STM32F4xx_HAL_Driver/Inc) by extensions ['ignore', 'ignore_ament_install']
[1.129s] Level 1:colcon.colcon_core.package_identification:_identify(1-DOF_Copter/Drivers/STM32F4xx_HAL_Driver/Inc) by extension 'ignore'
[1.129s] Level 1:colcon.colcon_core.package_identification:_identify(1-DOF_Copter/Drivers/STM32F4xx_HAL_Driver/Inc) by extension 'ignore_ament_install'
[1.129s] Level 1:colcon.colcon_core.package_identification:_identify(1-DOF_Copter/Drivers/STM32F4xx_HAL_Driver/Inc) by extensions ['colcon_pkg']
[1.129s] Level 1:colcon.colcon_core.package_identification:_identify(1-DOF_Copter/Drivers/STM32F4xx_HAL_Driver/Inc) by extension 'colcon_pkg'
[1.129s] Level 1:colcon.colcon_core.package_identification:_identify(1-DOF_Copter/Drivers/STM32F4xx_HAL_Driver/Inc) by extensions ['colcon_meta']
[1.129s] Level 1:colcon.colcon_core.package_identification:_identify(1-DOF_Copter/Drivers/STM32F4xx_HAL_Driver/Inc) by extension 'colcon_meta'
[1.129s] Level 1:colcon.colcon_core.package_identification:_identify(1-DOF_Copter/Drivers/STM32F4xx_HAL_Driver/Inc) by extensions ['ros']
[1.130s] Level 1:colcon.colcon_core.package_identification:_identify(1-DOF_Copter/Drivers/STM32F4xx_HAL_Driver/Inc) by extension 'ros'
[1.130s] Level 1:colcon.colcon_core.package_identification:_identify(1-DOF_Copter/Drivers/STM32F4xx_HAL_Driver/Inc) by extensions ['cmake', 'python']
[1.130s] Level 1:colcon.colcon_core.package_identification:_identify(1-DOF_Copter/Drivers/STM32F4xx_HAL_Driver/Inc) by extension 'cmake'
[1.130s] Level 1:colcon.colcon_core.package_identification:_identify(1-DOF_Copter/Drivers/STM32F4xx_HAL_Driver/Inc) by extension 'python'
[1.130s] Level 1:colcon.colcon_core.package_identification:_identify(1-DOF_Copter/Drivers/STM32F4xx_HAL_Driver/Inc) by extensions ['python_setup_py']
[1.130s] Level 1:colcon.colcon_core.package_identification:_identify(1-DOF_Copter/Drivers/STM32F4xx_HAL_Driver/Inc) by extension 'python_setup_py'
[1.130s] Level 1:colcon.colcon_core.package_identification:_identify(1-DOF_Copter/Drivers/STM32F4xx_HAL_Driver/Inc/Legacy) by extensions ['ignore', 'ignore_ament_install']
[1.130s] Level 1:colcon.colcon_core.package_identification:_identify(1-DOF_Copter/Drivers/STM32F4xx_HAL_Driver/Inc/Legacy) by extension 'ignore'
[1.130s] Level 1:colcon.colcon_core.package_identification:_identify(1-DOF_Copter/Drivers/STM32F4xx_HAL_Driver/Inc/Legacy) by extension 'ignore_ament_install'
[1.130s] Level 1:colcon.colcon_core.package_identification:_identify(1-DOF_Copter/Drivers/STM32F4xx_HAL_Driver/Inc/Legacy) by extensions ['colcon_pkg']
[1.130s] Level 1:colcon.colcon_core.package_identification:_identify(1-DOF_Copter/Drivers/STM32F4xx_HAL_Driver/Inc/Legacy) by extension 'colcon_pkg'
[1.130s] Level 1:colcon.colcon_core.package_identification:_identify(1-DOF_Copter/Drivers/STM32F4xx_HAL_Driver/Inc/Legacy) by extensions ['colcon_meta']
[1.130s] Level 1:colcon.colcon_core.package_identification:_identify(1-DOF_Copter/Drivers/STM32F4xx_HAL_Driver/Inc/Legacy) by extension 'colcon_meta'
[1.130s] Level 1:colcon.colcon_core.package_identification:_identify(1-DOF_Copter/Drivers/STM32F4xx_HAL_Driver/Inc/Legacy) by extensions ['ros']
[1.130s] Level 1:colcon.colcon_core.package_identification:_identify(1-DOF_Copter/Drivers/STM32F4xx_HAL_Driver/Inc/Legacy) by extension 'ros'
[1.130s] Level 1:colcon.colcon_core.package_identification:_identify(1-DOF_Copter/Drivers/STM32F4xx_HAL_Driver/Inc/Legacy) by extensions ['cmake', 'python']
[1.130s] Level 1:colcon.colcon_core.package_identification:_identify(1-DOF_Copter/Drivers/STM32F4xx_HAL_Driver/Inc/Legacy) by extension 'cmake'
[1.130s] Level 1:colcon.colcon_core.package_identification:_identify(1-DOF_Copter/Drivers/STM32F4xx_HAL_Driver/Inc/Legacy) by extension 'python'
[1.130s] Level 1:colcon.colcon_core.package_identification:_identify(1-DOF_Copter/Drivers/STM32F4xx_HAL_Driver/Inc/Legacy) by extensions ['python_setup_py']
[1.130s] Level 1:colcon.colcon_core.package_identification:_identify(1-DOF_Copter/Drivers/STM32F4xx_HAL_Driver/Inc/Legacy) by extension 'python_setup_py'
[1.131s] Level 1:colcon.colcon_core.package_identification:_identify(1-DOF_Copter/Drivers/STM32F4xx_HAL_Driver/Src) by extensions ['ignore', 'ignore_ament_install']
[1.131s] Level 1:colcon.colcon_core.package_identification:_identify(1-DOF_Copter/Drivers/STM32F4xx_HAL_Driver/Src) by extension 'ignore'
[1.131s] Level 1:colcon.colcon_core.package_identification:_identify(1-DOF_Copter/Drivers/STM32F4xx_HAL_Driver/Src) by extension 'ignore_ament_install'
[1.131s] Level 1:colcon.colcon_core.package_identification:_identify(1-DOF_Copter/Drivers/STM32F4xx_HAL_Driver/Src) by extensions ['colcon_pkg']
[1.131s] Level 1:colcon.colcon_core.package_identification:_identify(1-DOF_Copter/Drivers/STM32F4xx_HAL_Driver/Src) by extension 'colcon_pkg'
[1.131s] Level 1:colcon.colcon_core.package_identification:_identify(1-DOF_Copter/Drivers/STM32F4xx_HAL_Driver/Src) by extensions ['colcon_meta']
[1.131s] Level 1:colcon.colcon_core.package_identification:_identify(1-DOF_Copter/Drivers/STM32F4xx_HAL_Driver/Src) by extension 'colcon_meta'
[1.131s] Level 1:colcon.colcon_core.package_identification:_identify(1-DOF_Copter/Drivers/STM32F4xx_HAL_Driver/Src) by extensions ['ros']
[1.131s] Level 1:colcon.colcon_core.package_identification:_identify(1-DOF_Copter/Drivers/STM32F4xx_HAL_Driver/Src) by extension 'ros'
[1.131s] Level 1:colcon.colcon_core.package_identification:_identify(1-DOF_Copter/Drivers/STM32F4xx_HAL_Driver/Src) by extensions ['cmake', 'python']
[1.131s] Level 1:colcon.colcon_core.package_identification:_identify(1-DOF_Copter/Drivers/STM32F4xx_HAL_Driver/Src) by extension 'cmake'
[1.131s] Level 1:colcon.colcon_core.package_identification:_identify(1-DOF_Copter/Drivers/STM32F4xx_HAL_Driver/Src) by extension 'python'
[1.131s] Level 1:colcon.colcon_core.package_identification:_identify(1-DOF_Copter/Drivers/STM32F4xx_HAL_Driver/Src) by extensions ['python_setup_py']
[1.131s] Level 1:colcon.colcon_core.package_identification:_identify(1-DOF_Copter/Drivers/STM32F4xx_HAL_Driver/Src) by extension 'python_setup_py'
[1.131s] Level 1:colcon.colcon_core.package_identification:_identify(Mecanico) by extensions ['ignore', 'ignore_ament_install']
[1.131s] Level 1:colcon.colcon_core.package_identification:_identify(Mecanico) by extension 'ignore'
[1.131s] Level 1:colcon.colcon_core.package_identification:_identify(Mecanico) by extension 'ignore_ament_install'
[1.132s] Level 1:colcon.colcon_core.package_identification:_identify(Mecanico) by extensions ['colcon_pkg']
[1.132s] Level 1:colcon.colcon_core.package_identification:_identify(Mecanico) by extension 'colcon_pkg'
[1.132s] Level 1:colcon.colcon_core.package_identification:_identify(Mecanico) by extensions ['colcon_meta']
[1.132s] Level 1:colcon.colcon_core.package_identification:_identify(Mecanico) by extension 'colcon_meta'
[1.132s] Level 1:colcon.colcon_core.package_identification:_identify(Mecanico) by extensions ['ros']
[1.132s] Level 1:colcon.colcon_core.package_identification:_identify(Mecanico) by extension 'ros'
[1.132s] Level 1:colcon.colcon_core.package_identification:_identify(Mecanico) by extensions ['cmake', 'python']
[1.132s] Level 1:colcon.colcon_core.package_identification:_identify(Mecanico) by extension 'cmake'
[1.132s] Level 1:colcon.colcon_core.package_identification:_identify(Mecanico) by extension 'python'
[1.132s] Level 1:colcon.colcon_core.package_identification:_identify(Mecanico) by extensions ['python_setup_py']
[1.132s] Level 1:colcon.colcon_core.package_identification:_identify(Mecanico) by extension 'python_setup_py'
[1.132s] Level 1:colcon.colcon_core.package_identification:_identify(build) by extensions ['ignore', 'ignore_ament_install']
[1.132s] Level 1:colcon.colcon_core.package_identification:_identify(build) by extension 'ignore'
[1.132s] Level 1:colcon.colcon_core.package_identification:_identify(build) ignored
[1.132s] Level 1:colcon.colcon_core.package_identification:_identify(copter_ws) by extensions ['ignore', 'ignore_ament_install']
[1.132s] Level 1:colcon.colcon_core.package_identification:_identify(copter_ws) by extension 'ignore'
[1.132s] Level 1:colcon.colcon_core.package_identification:_identify(copter_ws) by extension 'ignore_ament_install'
[1.132s] Level 1:colcon.colcon_core.package_identification:_identify(copter_ws) by extensions ['colcon_pkg']
[1.132s] Level 1:colcon.colcon_core.package_identification:_identify(copter_ws) by extension 'colcon_pkg'
[1.132s] Level 1:colcon.colcon_core.package_identification:_identify(copter_ws) by extensions ['colcon_meta']
[1.133s] Level 1:colcon.colcon_core.package_identification:_identify(copter_ws) by extension 'colcon_meta'
[1.133s] Level 1:colcon.colcon_core.package_identification:_identify(copter_ws) by extensions ['ros']
[1.133s] Level 1:colcon.colcon_core.package_identification:_identify(copter_ws) by extension 'ros'
[1.133s] Level 1:colcon.colcon_core.package_identification:_identify(copter_ws) by extensions ['cmake', 'python']
[1.133s] Level 1:colcon.colcon_core.package_identification:_identify(copter_ws) by extension 'cmake'
[1.133s] Level 1:colcon.colcon_core.package_identification:_identify(copter_ws) by extension 'python'
[1.133s] Level 1:colcon.colcon_core.package_identification:_identify(copter_ws) by extensions ['python_setup_py']
[1.133s] Level 1:colcon.colcon_core.package_identification:_identify(copter_ws) by extension 'python_setup_py'
[1.133s] Level 1:colcon.colcon_core.package_identification:_identify(copter_ws/build) by extensions ['ignore', 'ignore_ament_install']
[1.133s] Level 1:colcon.colcon_core.package_identification:_identify(copter_ws/build) by extension 'ignore'
[1.133s] Level 1:colcon.colcon_core.package_identification:_identify(copter_ws/build) ignored
[1.133s] Level 1:colcon.colcon_core.package_identification:_identify(copter_ws/install) by extensions ['ignore', 'ignore_ament_install']
[1.133s] Level 1:colcon.colcon_core.package_identification:_identify(copter_ws/install) by extension 'ignore'
[1.133s] Level 1:colcon.colcon_core.package_identification:_identify(copter_ws/install) ignored
[1.133s] Level 1:colcon.colcon_core.package_identification:_identify(copter_ws/log) by extensions ['ignore', 'ignore_ament_install']
[1.133s] Level 1:colcon.colcon_core.package_identification:_identify(copter_ws/log) by extension 'ignore'
[1.133s] Level 1:colcon.colcon_core.package_identification:_identify(copter_ws/log) ignored
[1.134s] Level 1:colcon.colcon_core.package_identification:_identify(copter_ws/src) by extensions ['ignore', 'ignore_ament_install']
[1.134s] Level 1:colcon.colcon_core.package_identification:_identify(copter_ws/src) by extension 'ignore'
[1.134s] Level 1:colcon.colcon_core.package_identification:_identify(copter_ws/src) by extension 'ignore_ament_install'
[1.134s] Level 1:colcon.colcon_core.package_identification:_identify(copter_ws/src) by extensions ['colcon_pkg']
[1.134s] Level 1:colcon.colcon_core.package_identification:_identify(copter_ws/src) by extension 'colcon_pkg'
[1.134s] Level 1:colcon.colcon_core.package_identification:_identify(copter_ws/src) by extensions ['colcon_meta']
[1.134s] Level 1:colcon.colcon_core.package_identification:_identify(copter_ws/src) by extension 'colcon_meta'
[1.134s] Level 1:colcon.colcon_core.package_identification:_identify(copter_ws/src) by extensions ['ros']
[1.134s] Level 1:colcon.colcon_core.package_identification:_identify(copter_ws/src) by extension 'ros'
[1.134s] Level 1:colcon.colcon_core.package_identification:_identify(copter_ws/src) by extensions ['cmake', 'python']
[1.134s] Level 1:colcon.colcon_core.package_identification:_identify(copter_ws/src) by extension 'cmake'
[1.134s] Level 1:colcon.colcon_core.package_identification:_identify(copter_ws/src) by extension 'python'
[1.134s] Level 1:colcon.colcon_core.package_identification:_identify(copter_ws/src) by extensions ['python_setup_py']
[1.134s] Level 1:colcon.colcon_core.package_identification:_identify(copter_ws/src) by extension 'python_setup_py'
[1.134s] Level 1:colcon.colcon_core.package_identification:_identify(copter_ws/src/copter) by extensions ['ignore', 'ignore_ament_install']
[1.134s] Level 1:colcon.colcon_core.package_identification:_identify(copter_ws/src/copter) by extension 'ignore'
[1.134s] Level 1:colcon.colcon_core.package_identification:_identify(copter_ws/src/copter) by extension 'ignore_ament_install'
[1.134s] Level 1:colcon.colcon_core.package_identification:_identify(copter_ws/src/copter) by extensions ['colcon_pkg']
[1.134s] Level 1:colcon.colcon_core.package_identification:_identify(copter_ws/src/copter) by extension 'colcon_pkg'
[1.134s] Level 1:colcon.colcon_core.package_identification:_identify(copter_ws/src/copter) by extensions ['colcon_meta']
[1.135s] Level 1:colcon.colcon_core.package_identification:_identify(copter_ws/src/copter) by extension 'colcon_meta'
[1.135s] Level 1:colcon.colcon_core.package_identification:_identify(copter_ws/src/copter) by extensions ['ros']
[1.135s] Level 1:colcon.colcon_core.package_identification:_identify(copter_ws/src/copter) by extension 'ros'
[1.138s] DEBUG:colcon.colcon_core.package_identification:Package 'copter_ws/src/copter' with type 'ros.ament_python' and name 'copter'
[1.138s] Level 1:colcon.colcon_core.package_identification:_identify(install) by extensions ['ignore', 'ignore_ament_install']
[1.138s] Level 1:colcon.colcon_core.package_identification:_identify(install) by extension 'ignore'
[1.138s] Level 1:colcon.colcon_core.package_identification:_identify(install) ignored
[1.138s] Level 1:colcon.colcon_core.package_identification:_identify(log) by extensions ['ignore', 'ignore_ament_install']
[1.138s] Level 1:colcon.colcon_core.package_identification:_identify(log) by extension 'ignore'
[1.138s] Level 1:colcon.colcon_core.package_identification:_identify(log) ignored
[1.138s] Level 1:colcon.colcon_core.package_discovery:discover_packages(recursive) using defaults
[1.138s] Level 1:colcon.colcon_core.package_discovery:discover_packages(ignore) discover
[1.138s] Level 1:colcon.colcon_core.package_discovery:discover_packages(ignore) using defaults
[1.138s] Level 1:colcon.colcon_core.package_discovery:discover_packages(path) discover
[1.138s] Level 1:colcon.colcon_core.package_discovery:discover_packages(path) using defaults
[1.309s] Level 1:colcon.colcon_core.package_discovery:discover_packages(prefix_path) check parameters
[1.309s] Level 1:colcon.colcon_core.package_discovery:discover_packages(prefix_path) discover
[1.338s] DEBUG:colcon.colcon_installed_package_information.package_discovery:Found 2 installed packages in /home/alejandro/Desktop/1-DOF_Copter/copter_ws/install
[1.344s] DEBUG:colcon.colcon_installed_package_information.package_discovery:Found 290 installed packages in /opt/ros/jazzy
[1.350s] Level 1:colcon.colcon_core.package_discovery:discover_packages(prefix_path) using defaults
[1.411s] Level 5:colcon.colcon_core.verb:set package 'copter' build argument 'cmake_args' from command line to 'None'
[1.412s] Level 5:colcon.colcon_core.verb:set package 'copter' build argument 'cmake_target' from command line to 'None'
[1.412s] Level 5:colcon.colcon_core.verb:set package 'copter' build argument 'cmake_target_skip_unavailable' from command line to 'False'
[1.412s] Level 5:colcon.colcon_core.verb:set package 'copter' build argument 'cmake_clean_cache' from command line to 'False'
[1.412s] Level 5:colcon.colcon_core.verb:set package 'copter' build argument 'cmake_clean_first' from command line to 'False'
[1.412s] Level 5:colcon.colcon_core.verb:set package 'copter' build argument 'cmake_force_configure' from command line to 'False'
[1.412s] Level 5:colcon.colcon_core.verb:set package 'copter' build argument 'ament_cmake_args' from command line to 'None'
[1.412s] Level 5:colcon.colcon_core.verb:set package 'copter' build argument 'catkin_cmake_args' from command line to 'None'
[1.412s] Level 5:colcon.colcon_core.verb:set package 'copter' build argument 'catkin_skip_building_tests' from command line to 'False'
[1.412s] DEBUG:colcon.colcon_core.verb:Building package 'copter' with the following arguments: {'ament_cmake_args': None, 'build_base': '/home/alejandro/Desktop/1-DOF_Copter/build/copter', 'catkin_cmake_args': None, 'catkin_skip_building_tests': False, 'cmake_args': None, 'cmake_clean_cache': False, 'cmake_clean_first': False, 'cmake_force_configure': False, 'cmake_target': None, 'cmake_target_skip_unavailable': False, 'install_base': '/home/alejandro/Desktop/1-DOF_Copter/install/copter', 'merge_install': False, 'path': '/home/alejandro/Desktop/1-DOF_Copter/copter_ws/src/copter', 'symlink_install': False, 'test_result_base': None}
[1.412s] INFO:colcon.colcon_core.executor:Executing jobs using 'parallel' executor
[1.413s] DEBUG:colcon.colcon_parallel_executor.executor.parallel:run_until_complete
[1.413s] INFO:colcon.colcon_ros.task.ament_python.build:Building ROS package in '/home/alejandro/Desktop/1-DOF_Copter/copter_ws/src/copter' with build type 'ament_python'
[1.413s] Level 1:colcon.colcon_core.shell:create_environment_hook('copter', 'ament_prefix_path')
[1.415s] INFO:colcon.colcon_core.plugin_system:Skipping extension 'colcon_core.shell.bat': Not used on non-Windows systems
[1.415s] INFO:colcon.colcon_core.shell:Creating environment hook '/home/alejandro/Desktop/1-DOF_Copter/install/copter/share/copter/hook/ament_prefix_path.ps1'
[1.426s] INFO:colcon.colcon_core.shell:Creating environment descriptor '/home/alejandro/Desktop/1-DOF_Copter/install/copter/share/copter/hook/ament_prefix_path.dsv'
[1.436s] INFO:colcon.colcon_core.shell:Creating environment hook '/home/alejandro/Desktop/1-DOF_Copter/install/copter/share/copter/hook/ament_prefix_path.sh'
[1.437s] INFO:colcon.colcon_core.shell:Skip shell extension 'powershell' for command environment: Not usable outside of PowerShell
[1.437s] DEBUG:colcon.colcon_core.shell:Skip shell extension 'dsv' for command environment
[1.722s] INFO:colcon.colcon_core.task.python.build:Building Python package in '/home/alejandro/Desktop/1-DOF_Copter/copter_ws/src/copter'
[1.722s] INFO:colcon.colcon_core.shell:Skip shell extension 'powershell' for command environment: Not usable outside of PowerShell
[1.722s] DEBUG:colcon.colcon_core.shell:Skip shell extension 'dsv' for command environment
[5.904s] DEBUG:colcon.colcon_core.task.python.build:Available setuptools commands: install, rotate, install_data, init_catalog, easy_install, build_py, extract_messages, bdist_dumb, egg_info, dist_info, build_scripts, alias, develop, test, install_lib, bdist_egg, check, setopt, isort, bdist, build, compile_catalog, build_clib, install_egg_info, bdist_rpm, bdist_wheel, saveopts, symlink_data, build_ext, sdist, install_scripts, editable_wheel, upload_docs, install_headers, clean, upload, update_catalog, register
[5.906s] DEBUG:colcon.colcon_core.event_handler.log_command:Invoking command in '/home/alejandro/Desktop/1-DOF_Copter/copter_ws/src/copter': DEBUGINFOD_URLS=https://debuginfod.ubuntu.com PYTHONPATH=/home/alejandro/Desktop/1-DOF_Copter/build/copter/prefix_override:/usr/lib/python3/dist-packages/colcon_core/task/python/colcon_distutils_commands:/home/alejandro/Desktop/1-DOF_Copter/install/copter/lib/python3.12/site-packages:${PYTHONPATH} /usr/bin/python3 -W ignore:setup.py install is deprecated -W ignore:easy_install command is deprecated setup.py egg_info --egg-base ../../../build/copter build --build-base /home/alejandro/Desktop/1-DOF_Copter/build/copter/build install --record /home/alejandro/Desktop/1-DOF_Copter/build/copter/install.log --install-scripts $base/lib/copter --single-version-externally-managed install_data
[6.588s] DEBUG:colcon.colcon_core.event_handler.log_command:Invoked command in '/home/alejandro/Desktop/1-DOF_Copter/copter_ws/src/copter' returned '0': DEBUGINFOD_URLS=https://debuginfod.ubuntu.com PYTHONPATH=/home/alejandro/Desktop/1-DOF_Copter/build/copter/prefix_override:/usr/lib/python3/dist-packages/colcon_core/task/python/colcon_distutils_commands:/home/alejandro/Desktop/1-DOF_Copter/install/copter/lib/python3.12/site-packages:${PYTHONPATH} /usr/bin/python3 -W ignore:setup.py install is deprecated -W ignore:easy_install command is deprecated setup.py egg_info --egg-base ../../../build/copter build --build-base /home/alejandro/Desktop/1-DOF_Copter/build/copter/build install --record /home/alejandro/Desktop/1-DOF_Copter/build/copter/install.log --install-scripts $base/lib/copter --single-version-externally-managed install_data
[6.634s] Level 1:colcon.colcon_core.environment:checking '/home/alejandro/Desktop/1-DOF_Copter/install/copter' for CMake module files
[6.634s] Level 1:colcon.colcon_core.environment:checking '/home/alejandro/Desktop/1-DOF_Copter/install/copter' for CMake config files
[6.635s] Level 1:colcon.colcon_core.environment:checking '/home/alejandro/Desktop/1-DOF_Copter/install/copter/lib'
[6.635s] Level 1:colcon.colcon_core.environment:checking '/home/alejandro/Desktop/1-DOF_Copter/install/copter/bin'
[6.635s] Level 1:colcon.colcon_core.environment:checking '/home/alejandro/Desktop/1-DOF_Copter/install/copter/lib/pkgconfig/copter.pc'
[6.635s] Level 1:colcon.colcon_core.environment:checking '/home/alejandro/Desktop/1-DOF_Copter/install/copter/lib/python3.12/site-packages'
[6.636s] Level 1:colcon.colcon_core.shell:create_environment_hook('copter', 'pythonpath')
[6.636s] INFO:colcon.colcon_core.shell:Creating environment hook '/home/alejandro/Desktop/1-DOF_Copter/install/copter/share/copter/hook/pythonpath.ps1'
[6.636s] INFO:colcon.colcon_core.shell:Creating environment descriptor '/home/alejandro/Desktop/1-DOF_Copter/install/copter/share/copter/hook/pythonpath.dsv'
[6.637s] INFO:colcon.colcon_core.shell:Creating environment hook '/home/alejandro/Desktop/1-DOF_Copter/install/copter/share/copter/hook/pythonpath.sh'
[6.637s] Level 1:colcon.colcon_core.environment:checking '/home/alejandro/Desktop/1-DOF_Copter/install/copter/bin'
[6.637s] Level 1:colcon.colcon_core.environment:create_environment_scripts_only(copter)
[6.638s] INFO:colcon.colcon_core.shell:Creating package script '/home/alejandro/Desktop/1-DOF_Copter/install/copter/share/copter/package.ps1'
[6.652s] INFO:colcon.colcon_core.shell:Creating package descriptor '/home/alejandro/Desktop/1-DOF_Copter/install/copter/share/copter/package.dsv'
[6.662s] INFO:colcon.colcon_core.shell:Creating package script '/home/alejandro/Desktop/1-DOF_Copter/install/copter/share/copter/package.sh'
[6.664s] INFO:colcon.colcon_core.shell:Creating package script '/home/alejandro/Desktop/1-DOF_Copter/install/copter/share/copter/package.bash'
[6.686s] INFO:colcon.colcon_core.shell:Creating package script '/home/alejandro/Desktop/1-DOF_Copter/install/copter/share/copter/package.zsh'
[6.691s] Level 1:colcon.colcon_core.environment:create_file_with_runtime_dependencies(/home/alejandro/Desktop/1-DOF_Copter/install/copter/share/colcon-core/packages/copter)
[6.693s] DEBUG:colcon.colcon_parallel_executor.executor.parallel:closing loop
[6.694s] DEBUG:colcon.colcon_parallel_executor.executor.parallel:loop closed
[6.694s] DEBUG:colcon.colcon_parallel_executor.executor.parallel:run_until_complete finished with '0'
[6.694s] DEBUG:colcon.colcon_core.event_reactor:joining thread
[6.758s] INFO:colcon.colcon_core.plugin_system:Skipping extension 'colcon_notification.desktop_notification.terminal_notifier': Not used on non-Darwin systems
[6.759s] INFO:colcon.colcon_core.plugin_system:Skipping extension 'colcon_notification.desktop_notification.win32': Not used on non-Windows systems
[6.759s] INFO:colcon.colcon_notification.desktop_notification:Sending desktop notification using 'notify2'
[6.816s] DEBUG:colcon.colcon_core.event_reactor:joined thread
[6.816s] INFO:colcon.colcon_core.shell:Creating prefix script '/home/alejandro/Desktop/1-DOF_Copter/install/local_setup.ps1'
[6.835s] INFO:colcon.colcon_core.shell:Creating prefix util module '/home/alejandro/Desktop/1-DOF_Copter/install/_local_setup_util_ps1.py'
[6.844s] INFO:colcon.colcon_core.shell:Creating prefix chain script '/home/alejandro/Desktop/1-DOF_Copter/install/setup.ps1'
[6.845s] INFO:colcon.colcon_core.shell:Creating prefix script '/home/alejandro/Desktop/1-DOF_Copter/install/local_setup.sh'
[6.846s] INFO:colcon.colcon_core.shell:Creating prefix util module '/home/alejandro/Desktop/1-DOF_Copter/install/_local_setup_util_sh.py'
[6.847s] INFO:colcon.colcon_core.shell:Creating prefix chain script '/home/alejandro/Desktop/1-DOF_Copter/install/setup.sh'
[6.849s] INFO:colcon.colcon_core.shell:Creating prefix script '/home/alejandro/Desktop/1-DOF_Copter/install/local_setup.bash'
[6.849s] INFO:colcon.colcon_core.shell:Creating prefix chain script '/home/alejandro/Desktop/1-DOF_Copter/install/setup.bash'
[6.851s] INFO:colcon.colcon_core.shell:Creating prefix script '/home/alejandro/Desktop/1-DOF_Copter/install/local_setup.zsh'
[6.852s] INFO:colcon.colcon_core.shell:Creating prefix chain script '/home/alejandro/Desktop/1-DOF_Copter/install/setup.zsh'
