running egg_info
creating ../../build/Copter/Copter.egg-info
writing ../../build/Copter/Copter.egg-info/PKG-INFO
writing dependency_links to ../../build/Copter/Copter.egg-info/dependency_links.txt
writing requirements to ../../build/Copter/Copter.egg-info/requires.txt
writing top-level names to ../../build/Copter/Copter.egg-info/top_level.txt
writing manifest file '../../build/Copter/Copter.egg-info/SOURCES.txt'
reading manifest file '../../build/Copter/Copter.egg-info/SOURCES.txt'
writing manifest file '../../build/Copter/Copter.egg-info/SOURCES.txt'
running build
running build_py
creating /home/alejandro/Desktop/1-DOF_Copter/copter_ws/build/Copter/build
creating /home/alejandro/Desktop/1-DOF_Copter/copter_ws/build/Copter/build/lib
creating /home/alejandro/Desktop/1-DOF_Copter/copter_ws/build/Copter/build/lib/Copter
copying Copter/__init__.py -> /home/alejandro/Desktop/1-DOF_Copter/copter_ws/build/Copter/build/lib/Copter
running install
running install_lib
creating /home/alejandro/Desktop/1-DOF_Copter/copter_ws/install/Copter/lib/python3.12/site-packages/Copter
copying /home/alejandro/Desktop/1-DOF_Copter/copter_ws/build/Copter/build/lib/Copter/__init__.py -> /home/alejandro/Desktop/1-DOF_Copter/copter_ws/install/Copter/lib/python3.12/site-packages/Copter
byte-compiling /home/alejandro/Desktop/1-DOF_Copter/copter_ws/install/Copter/lib/python3.12/site-packages/Copter/__init__.py to __init__.cpython-312.pyc
running install_data
creating /home/alejandro/Desktop/1-DOF_Copter/copter_ws/install/Copter/share/ament_index
creating /home/alejandro/Desktop/1-DOF_Copter/copter_ws/install/Copter/share/ament_index/resource_index
creating /home/alejandro/Desktop/1-DOF_Copter/copter_ws/install/Copter/share/ament_index/resource_index/packages
copying resource/Copter -> /home/alejandro/Desktop/1-DOF_Copter/copter_ws/install/Copter/share/ament_index/resource_index/packages
copying package.xml -> /home/alejandro/Desktop/1-DOF_Copter/copter_ws/install/Copter/share/Copter
running install_egg_info
Copying ../../build/Copter/Copter.egg-info to /home/alejandro/Desktop/1-DOF_Copter/copter_ws/install/Copter/lib/python3.12/site-packages/Copter-0.0.0-py3.12.egg-info
running install_scripts
writing list of installed files to '/home/alejandro/Desktop/1-DOF_Copter/copter_ws/build/Copter/install.log'
