[0.094s] DEBUG:colcon:Command line arguments: ['/usr/bin/colcon', 'build']
[0.094s] DEBUG:colcon:Parsed command line arguments: Namespace(log_base=None, log_level=None, verb_name='build', build_base='build', install_base='install', merge_install=False, symlink_install=False, test_result_base=None, continue_on_error=False, executor='parallel', parallel_workers=16, event_handlers=None, ignore_user_meta=False, metas=['./colcon.meta'], base_paths=['.'], packages_ignore=None, packages_ignore_regex=None, paths=None, packages_up_to=None, packages_up_to_regex=None, packages_above=None, packages_above_and_dependencies=None, packages_above_depth=None, packages_select_by_dep=None, packages_skip_by_dep=None, packages_skip_up_to=None, packages_select_build_failed=False, packages_skip_build_finished=False, packages_select_test_failures=False, packages_skip_test_passed=False, packages_select=None, packages_skip=None, packages_select_regex=None, packages_skip_regex=None, packages_start=None, packages_end=None, allow_overriding=[], cmake_args=None, cmake_target=None, cmake_target_skip_unavailable=False, cmake_clean_cache=False, cmake_clean_first=False, cmake_force_configure=False, ament_cmake_args=None, catkin_cmake_args=None, catkin_skip_building_tests=False, mixin_files=None, mixin=None, verb_parser=<colcon_mixin.mixin.mixin_argument.MixinArgumentDecorator object at 0x781014fbf0e0>, verb_extension=<colcon_core.verb.build.BuildVerb object at 0x781014fbedb0>, main=<bound method BuildVerb.main of <colcon_core.verb.build.BuildVerb object at 0x781014fbedb0>>, mixin_verb=('build',))
[0.124s] Level 1:colcon.colcon_core.package_discovery:discover_packages(colcon_meta) check parameters
[0.124s] Level 1:colcon.colcon_core.package_discovery:discover_packages(recursive) check parameters
[0.124s] Level 1:colcon.colcon_core.package_discovery:discover_packages(ignore) check parameters
[0.124s] Level 1:colcon.colcon_core.package_discovery:discover_packages(path) check parameters
[0.124s] Level 1:colcon.colcon_core.package_discovery:discover_packages(colcon_meta) discover
[0.124s] Level 1:colcon.colcon_core.package_discovery:discover_packages(recursive) discover
[0.124s] INFO:colcon.colcon_core.package_discovery:Crawling recursively for packages in '/home/alejo/Desktop/1-DOF_Copter/copter_ws'
[0.124s] Level 1:colcon.colcon_core.package_identification:_identify(.) by extensions ['ignore', 'ignore_ament_install']
[0.125s] Level 1:colcon.colcon_core.package_identification:_identify(.) by extension 'ignore'
[0.125s] Level 1:colcon.colcon_core.package_identification:_identify(.) by extension 'ignore_ament_install'
[0.125s] Level 1:colcon.colcon_core.package_identification:_identify(.) by extensions ['colcon_pkg']
[0.125s] Level 1:colcon.colcon_core.package_identification:_identify(.) by extension 'colcon_pkg'
[0.125s] Level 1:colcon.colcon_core.package_identification:_identify(.) by extensions ['colcon_meta']
[0.125s] Level 1:colcon.colcon_core.package_identification:_identify(.) by extension 'colcon_meta'
[0.125s] Level 1:colcon.colcon_core.package_identification:_identify(.) by extensions ['ros']
[0.125s] Level 1:colcon.colcon_core.package_identification:_identify(.) by extension 'ros'
[0.144s] Level 1:colcon.colcon_core.package_identification:_identify(.) by extensions ['cmake', 'python']
[0.144s] Level 1:colcon.colcon_core.package_identification:_identify(.) by extension 'cmake'
[0.144s] Level 1:colcon.colcon_core.package_identification:_identify(.) by extension 'python'
[0.144s] Level 1:colcon.colcon_core.package_identification:_identify(.) by extensions ['python_setup_py']
[0.144s] Level 1:colcon.colcon_core.package_identification:_identify(.) by extension 'python_setup_py'
[0.144s] Level 1:colcon.colcon_core.package_identification:_identify(build) by extensions ['ignore', 'ignore_ament_install']
[0.144s] Level 1:colcon.colcon_core.package_identification:_identify(build) by extension 'ignore'
[0.144s] Level 1:colcon.colcon_core.package_identification:_identify(build) ignored
[0.144s] Level 1:colcon.colcon_core.package_identification:_identify(install) by extensions ['ignore', 'ignore_ament_install']
[0.145s] Level 1:colcon.colcon_core.package_identification:_identify(install) by extension 'ignore'
[0.145s] Level 1:colcon.colcon_core.package_identification:_identify(install) ignored
[0.145s] Level 1:colcon.colcon_core.package_identification:_identify(log) by extensions ['ignore', 'ignore_ament_install']
[0.145s] Level 1:colcon.colcon_core.package_identification:_identify(log) by extension 'ignore'
[0.145s] Level 1:colcon.colcon_core.package_identification:_identify(log) ignored
[0.145s] Level 1:colcon.colcon_core.package_identification:_identify(src) by extensions ['ignore', 'ignore_ament_install']
[0.145s] Level 1:colcon.colcon_core.package_identification:_identify(src) by extension 'ignore'
[0.145s] Level 1:colcon.colcon_core.package_identification:_identify(src) by extension 'ignore_ament_install'
[0.145s] Level 1:colcon.colcon_core.package_identification:_identify(src) by extensions ['colcon_pkg']
[0.145s] Level 1:colcon.colcon_core.package_identification:_identify(src) by extension 'colcon_pkg'
[0.145s] Level 1:colcon.colcon_core.package_identification:_identify(src) by extensions ['colcon_meta']
[0.145s] Level 1:colcon.colcon_core.package_identification:_identify(src) by extension 'colcon_meta'
[0.145s] Level 1:colcon.colcon_core.package_identification:_identify(src) by extensions ['ros']
[0.145s] Level 1:colcon.colcon_core.package_identification:_identify(src) by extension 'ros'
[0.145s] Level 1:colcon.colcon_core.package_identification:_identify(src) by extensions ['cmake', 'python']
[0.145s] Level 1:colcon.colcon_core.package_identification:_identify(src) by extension 'cmake'
[0.145s] Level 1:colcon.colcon_core.package_identification:_identify(src) by extension 'python'
[0.145s] Level 1:colcon.colcon_core.package_identification:_identify(src) by extensions ['python_setup_py']
[0.145s] Level 1:colcon.colcon_core.package_identification:_identify(src) by extension 'python_setup_py'
[0.145s] Level 1:colcon.colcon_core.package_identification:_identify(src/copter) by extensions ['ignore', 'ignore_ament_install']
[0.145s] Level 1:colcon.colcon_core.package_identification:_identify(src/copter) by extension 'ignore'
[0.146s] Level 1:colcon.colcon_core.package_identification:_identify(src/copter) by extension 'ignore_ament_install'
[0.146s] Level 1:colcon.colcon_core.package_identification:_identify(src/copter) by extensions ['colcon_pkg']
[0.146s] Level 1:colcon.colcon_core.package_identification:_identify(src/copter) by extension 'colcon_pkg'
[0.146s] Level 1:colcon.colcon_core.package_identification:_identify(src/copter) by extensions ['colcon_meta']
[0.146s] Level 1:colcon.colcon_core.package_identification:_identify(src/copter) by extension 'colcon_meta'
[0.146s] Level 1:colcon.colcon_core.package_identification:_identify(src/copter) by extensions ['ros']
[0.146s] Level 1:colcon.colcon_core.package_identification:_identify(src/copter) by extension 'ros'
[0.148s] DEBUG:colcon.colcon_core.package_identification:Package 'src/copter' with type 'ros.ament_python' and name 'copter'
[0.148s] Level 1:colcon.colcon_core.package_discovery:discover_packages(recursive) using defaults
[0.148s] Level 1:colcon.colcon_core.package_discovery:discover_packages(ignore) discover
[0.148s] Level 1:colcon.colcon_core.package_discovery:discover_packages(ignore) using defaults
[0.148s] Level 1:colcon.colcon_core.package_discovery:discover_packages(path) discover
[0.148s] Level 1:colcon.colcon_core.package_discovery:discover_packages(path) using defaults
[0.162s] Level 1:colcon.colcon_core.package_discovery:discover_packages(prefix_path) check parameters
[0.162s] Level 1:colcon.colcon_core.package_discovery:discover_packages(prefix_path) discover
[0.163s] DEBUG:colcon.colcon_installed_package_information.package_discovery:Found 2 installed packages in /home/alejo/Desktop/1-DOF_Copter/copter_ws/install
[0.165s] DEBUG:colcon.colcon_installed_package_information.package_discovery:Found 378 installed packages in /opt/ros/jazzy
[0.166s] Level 1:colcon.colcon_core.package_discovery:discover_packages(prefix_path) using defaults
[0.207s] Level 5:colcon.colcon_core.verb:set package 'copter' build argument 'cmake_args' from command line to 'None'
[0.207s] Level 5:colcon.colcon_core.verb:set package 'copter' build argument 'cmake_target' from command line to 'None'
[0.207s] Level 5:colcon.colcon_core.verb:set package 'copter' build argument 'cmake_target_skip_unavailable' from command line to 'False'
[0.207s] Level 5:colcon.colcon_core.verb:set package 'copter' build argument 'cmake_clean_cache' from command line to 'False'
[0.207s] Level 5:colcon.colcon_core.verb:set package 'copter' build argument 'cmake_clean_first' from command line to 'False'
[0.207s] Level 5:colcon.colcon_core.verb:set package 'copter' build argument 'cmake_force_configure' from command line to 'False'
[0.207s] Level 5:colcon.colcon_core.verb:set package 'copter' build argument 'ament_cmake_args' from command line to 'None'
[0.207s] Level 5:colcon.colcon_core.verb:set package 'copter' build argument 'catkin_cmake_args' from command line to 'None'
[0.207s] Level 5:colcon.colcon_core.verb:set package 'copter' build argument 'catkin_skip_building_tests' from command line to 'False'
[0.208s] DEBUG:colcon.colcon_core.verb:Building package 'copter' with the following arguments: {'ament_cmake_args': None, 'build_base': '/home/alejo/Desktop/1-DOF_Copter/copter_ws/build/copter', 'catkin_cmake_args': None, 'catkin_skip_building_tests': False, 'cmake_args': None, 'cmake_clean_cache': False, 'cmake_clean_first': False, 'cmake_force_configure': False, 'cmake_target': None, 'cmake_target_skip_unavailable': False, 'install_base': '/home/alejo/Desktop/1-DOF_Copter/copter_ws/install/copter', 'merge_install': False, 'path': '/home/alejo/Desktop/1-DOF_Copter/copter_ws/src/copter', 'symlink_install': False, 'test_result_base': None}
[0.208s] INFO:colcon.colcon_core.executor:Executing jobs using 'parallel' executor
[0.208s] DEBUG:colcon.colcon_parallel_executor.executor.parallel:run_until_complete
[0.209s] INFO:colcon.colcon_ros.task.ament_python.build:Building ROS package in '/home/alejo/Desktop/1-DOF_Copter/copter_ws/src/copter' with build type 'ament_python'
[0.209s] Level 1:colcon.colcon_core.shell:create_environment_hook('copter', 'ament_prefix_path')
[0.210s] INFO:colcon.colcon_core.plugin_system:Skipping extension 'colcon_core.shell.bat': Not used on non-Windows systems
[0.211s] INFO:colcon.colcon_core.shell:Creating environment hook '/home/alejo/Desktop/1-DOF_Copter/copter_ws/install/copter/share/copter/hook/ament_prefix_path.ps1'
[0.211s] INFO:colcon.colcon_core.shell:Creating environment descriptor '/home/alejo/Desktop/1-DOF_Copter/copter_ws/install/copter/share/copter/hook/ament_prefix_path.dsv'
[0.211s] INFO:colcon.colcon_core.shell:Creating environment hook '/home/alejo/Desktop/1-DOF_Copter/copter_ws/install/copter/share/copter/hook/ament_prefix_path.sh'
[0.212s] INFO:colcon.colcon_core.shell:Skip shell extension 'powershell' for command environment: Not usable outside of PowerShell
[0.212s] DEBUG:colcon.colcon_core.shell:Skip shell extension 'dsv' for command environment
[0.418s] INFO:colcon.colcon_core.task.python.build:Building Python package in '/home/alejo/Desktop/1-DOF_Copter/copter_ws/src/copter'
[0.419s] INFO:colcon.colcon_core.shell:Skip shell extension 'powershell' for command environment: Not usable outside of PowerShell
[0.419s] DEBUG:colcon.colcon_core.shell:Skip shell extension 'dsv' for command environment
[1.056s] DEBUG:colcon.colcon_core.task.python.build:Available setuptools commands: build_clib, build_scripts, check, bdist_wheel, build_py, build, init_catalog, install_headers, upload, develop, isort, egg_info, rotate, bdist_rpm, alias, build_ext, sdist, bdist_dumb, extract_messages, bdist_egg, install, bdist, install_lib, register, test, install_scripts, dist_info, install_egg_info, easy_install, setopt, symlink_data, clean, update_catalog, editable_wheel, install_data, upload_docs, compile_catalog, saveopts
[1.059s] DEBUG:colcon.colcon_core.event_handler.log_command:Invoking command in '/home/alejo/Desktop/1-DOF_Copter/copter_ws/src/copter': DEBUGINFOD_URLS=https://debuginfod.ubuntu.com PYTHONPATH=/home/alejo/Desktop/1-DOF_Copter/copter_ws/build/copter/prefix_override:/usr/lib/python3/dist-packages/colcon_core/task/python/colcon_distutils_commands:/home/alejo/Desktop/1-DOF_Copter/copter_ws/install/copter/lib/python3.12/site-packages:${PYTHONPATH} /usr/bin/python3 -W ignore:setup.py install is deprecated -W ignore:easy_install command is deprecated setup.py egg_info --egg-base ../../build/copter build --build-base /home/alejo/Desktop/1-DOF_Copter/copter_ws/build/copter/build install --record /home/alejo/Desktop/1-DOF_Copter/copter_ws/build/copter/install.log --install-scripts $base/lib/copter --single-version-externally-managed install_data
[1.655s] DEBUG:colcon.colcon_core.event_handler.log_command:Invoked command in '/home/alejo/Desktop/1-DOF_Copter/copter_ws/src/copter' returned '0': DEBUGINFOD_URLS=https://debuginfod.ubuntu.com PYTHONPATH=/home/alejo/Desktop/1-DOF_Copter/copter_ws/build/copter/prefix_override:/usr/lib/python3/dist-packages/colcon_core/task/python/colcon_distutils_commands:/home/alejo/Desktop/1-DOF_Copter/copter_ws/install/copter/lib/python3.12/site-packages:${PYTHONPATH} /usr/bin/python3 -W ignore:setup.py install is deprecated -W ignore:easy_install command is deprecated setup.py egg_info --egg-base ../../build/copter build --build-base /home/alejo/Desktop/1-DOF_Copter/copter_ws/build/copter/build install --record /home/alejo/Desktop/1-DOF_Copter/copter_ws/build/copter/install.log --install-scripts $base/lib/copter --single-version-externally-managed install_data
[1.656s] Level 1:colcon.colcon_core.environment:checking '/home/alejo/Desktop/1-DOF_Copter/copter_ws/install/copter' for CMake module files
[1.657s] Level 1:colcon.colcon_core.environment:checking '/home/alejo/Desktop/1-DOF_Copter/copter_ws/install/copter' for CMake config files
[1.657s] Level 1:colcon.colcon_core.environment:checking '/home/alejo/Desktop/1-DOF_Copter/copter_ws/install/copter/lib'
[1.657s] Level 1:colcon.colcon_core.environment:checking '/home/alejo/Desktop/1-DOF_Copter/copter_ws/install/copter/bin'
[1.657s] Level 1:colcon.colcon_core.environment:checking '/home/alejo/Desktop/1-DOF_Copter/copter_ws/install/copter/lib/pkgconfig/copter.pc'
[1.658s] Level 1:colcon.colcon_core.environment:checking '/home/alejo/Desktop/1-DOF_Copter/copter_ws/install/copter/lib/python3.12/site-packages'
[1.658s] Level 1:colcon.colcon_core.shell:create_environment_hook('copter', 'pythonpath')
[1.658s] INFO:colcon.colcon_core.shell:Creating environment hook '/home/alejo/Desktop/1-DOF_Copter/copter_ws/install/copter/share/copter/hook/pythonpath.ps1'
[1.658s] INFO:colcon.colcon_core.shell:Creating environment descriptor '/home/alejo/Desktop/1-DOF_Copter/copter_ws/install/copter/share/copter/hook/pythonpath.dsv'
[1.659s] INFO:colcon.colcon_core.shell:Creating environment hook '/home/alejo/Desktop/1-DOF_Copter/copter_ws/install/copter/share/copter/hook/pythonpath.sh'
[1.659s] Level 1:colcon.colcon_core.environment:checking '/home/alejo/Desktop/1-DOF_Copter/copter_ws/install/copter/bin'
[1.659s] Level 1:colcon.colcon_core.environment:create_environment_scripts_only(copter)
[1.659s] INFO:colcon.colcon_core.shell:Creating package script '/home/alejo/Desktop/1-DOF_Copter/copter_ws/install/copter/share/copter/package.ps1'
[1.660s] INFO:colcon.colcon_core.shell:Creating package descriptor '/home/alejo/Desktop/1-DOF_Copter/copter_ws/install/copter/share/copter/package.dsv'
[1.660s] INFO:colcon.colcon_core.shell:Creating package script '/home/alejo/Desktop/1-DOF_Copter/copter_ws/install/copter/share/copter/package.sh'
[1.661s] INFO:colcon.colcon_core.shell:Creating package script '/home/alejo/Desktop/1-DOF_Copter/copter_ws/install/copter/share/copter/package.bash'
[1.661s] INFO:colcon.colcon_core.shell:Creating package script '/home/alejo/Desktop/1-DOF_Copter/copter_ws/install/copter/share/copter/package.zsh'
[1.662s] Level 1:colcon.colcon_core.environment:create_file_with_runtime_dependencies(/home/alejo/Desktop/1-DOF_Copter/copter_ws/install/copter/share/colcon-core/packages/copter)
[1.662s] DEBUG:colcon.colcon_parallel_executor.executor.parallel:closing loop
[1.662s] DEBUG:colcon.colcon_parallel_executor.executor.parallel:loop closed
[1.662s] DEBUG:colcon.colcon_parallel_executor.executor.parallel:run_until_complete finished with '0'
[1.662s] DEBUG:colcon.colcon_core.event_reactor:joining thread
[1.667s] INFO:colcon.colcon_core.plugin_system:Skipping extension 'colcon_notification.desktop_notification.terminal_notifier': Not used on non-Darwin systems
[1.667s] INFO:colcon.colcon_core.plugin_system:Skipping extension 'colcon_notification.desktop_notification.win32': Not used on non-Windows systems
[1.667s] INFO:colcon.colcon_notification.desktop_notification:Sending desktop notification using 'notify2'
[1.678s] DEBUG:colcon.colcon_core.event_reactor:joined thread
[1.678s] INFO:colcon.colcon_core.shell:Creating prefix script '/home/alejo/Desktop/1-DOF_Copter/copter_ws/install/local_setup.ps1'
[1.679s] INFO:colcon.colcon_core.shell:Creating prefix util module '/home/alejo/Desktop/1-DOF_Copter/copter_ws/install/_local_setup_util_ps1.py'
[1.680s] INFO:colcon.colcon_core.shell:Creating prefix chain script '/home/alejo/Desktop/1-DOF_Copter/copter_ws/install/setup.ps1'
[1.680s] INFO:colcon.colcon_core.shell:Creating prefix script '/home/alejo/Desktop/1-DOF_Copter/copter_ws/install/local_setup.sh'
[1.681s] INFO:colcon.colcon_core.shell:Creating prefix util module '/home/alejo/Desktop/1-DOF_Copter/copter_ws/install/_local_setup_util_sh.py'
[1.681s] INFO:colcon.colcon_core.shell:Creating prefix chain script '/home/alejo/Desktop/1-DOF_Copter/copter_ws/install/setup.sh'
[1.682s] INFO:colcon.colcon_core.shell:Creating prefix script '/home/alejo/Desktop/1-DOF_Copter/copter_ws/install/local_setup.bash'
[1.682s] INFO:colcon.colcon_core.shell:Creating prefix chain script '/home/alejo/Desktop/1-DOF_Copter/copter_ws/install/setup.bash'
[1.683s] INFO:colcon.colcon_core.shell:Creating prefix script '/home/alejo/Desktop/1-DOF_Copter/copter_ws/install/local_setup.zsh'
[1.683s] INFO:colcon.colcon_core.shell:Creating prefix chain script '/home/alejo/Desktop/1-DOF_Copter/copter_ws/install/setup.zsh'
