[6.257s] DEBUG:colcon:Command line arguments: ['/usr/bin/colcon', 'build']
[6.257s] DEBUG:colcon:Parsed command line arguments: Namespace(log_base=None, log_level=None, verb_name='build', build_base='build', install_base='install', merge_install=False, symlink_install=False, test_result_base=None, continue_on_error=False, executor='parallel', parallel_workers=6, event_handlers=None, ignore_user_meta=False, metas=['./colcon.meta'], base_paths=['.'], packages_ignore=None, packages_ignore_regex=None, paths=None, packages_up_to=None, packages_up_to_regex=None, packages_above=None, packages_above_and_dependencies=None, packages_above_depth=None, packages_select_by_dep=None, packages_skip_by_dep=None, packages_skip_up_to=None, packages_select_build_failed=False, packages_skip_build_finished=False, packages_select_test_failures=False, packages_skip_test_passed=False, packages_select=None, packages_skip=None, packages_select_regex=None, packages_skip_regex=None, packages_start=None, packages_end=None, allow_overriding=[], cmake_args=None, cmake_target=None, cmake_target_skip_unavailable=False, cmake_clean_cache=False, cmake_clean_first=False, cmake_force_configure=False, ament_cmake_args=None, catkin_cmake_args=None, catkin_skip_building_tests=False, mixin_files=None, mixin=None, verb_parser=<colcon_mixin.mixin.mixin_argument.MixinArgumentDecorator object at 0x7c84a03b64b0>, verb_extension=<colcon_core.verb.build.BuildVerb object at 0x7c84a03b61b0>, main=<bound method BuildVerb.main of <colcon_core.verb.build.BuildVerb object at 0x7c84a03b61b0>>, mixin_verb=('build',))
[11.828s] Level 1:colcon.colcon_core.package_discovery:discover_packages(colcon_meta) check parameters
[11.828s] Level 1:colcon.colcon_core.package_discovery:discover_packages(recursive) check parameters
[11.828s] Level 1:colcon.colcon_core.package_discovery:discover_packages(ignore) check parameters
[11.828s] Level 1:colcon.colcon_core.package_discovery:discover_packages(path) check parameters
[11.829s] Level 1:colcon.colcon_core.package_discovery:discover_packages(colcon_meta) discover
[11.829s] Level 1:colcon.colcon_core.package_discovery:discover_packages(recursive) discover
[11.829s] INFO:colcon.colcon_core.package_discovery:Crawling recursively for packages in '/home/alejandro/Desktop/1-DOF_Copter/copter_ws'
[11.829s] Level 1:colcon.colcon_core.package_identification:_identify(.) by extensions ['ignore', 'ignore_ament_install']
[11.830s] Level 1:colcon.colcon_core.package_identification:_identify(.) by extension 'ignore'
[11.830s] Level 1:colcon.colcon_core.package_identification:_identify(.) by extension 'ignore_ament_install'
[11.831s] Level 1:colcon.colcon_core.package_identification:_identify(.) by extensions ['colcon_pkg']
[11.831s] Level 1:colcon.colcon_core.package_identification:_identify(.) by extension 'colcon_pkg'
[11.831s] Level 1:colcon.colcon_core.package_identification:_identify(.) by extensions ['colcon_meta']
[11.831s] Level 1:colcon.colcon_core.package_identification:_identify(.) by extension 'colcon_meta'
[11.831s] Level 1:colcon.colcon_core.package_identification:_identify(.) by extensions ['ros']
[11.831s] Level 1:colcon.colcon_core.package_identification:_identify(.) by extension 'ros'
[11.889s] Level 1:colcon.colcon_core.package_identification:_identify(.) by extensions ['cmake', 'python']
[11.889s] Level 1:colcon.colcon_core.package_identification:_identify(.) by extension 'cmake'
[11.890s] Level 1:colcon.colcon_core.package_identification:_identify(.) by extension 'python'
[11.890s] Level 1:colcon.colcon_core.package_identification:_identify(.) by extensions ['python_setup_py']
[11.890s] Level 1:colcon.colcon_core.package_identification:_identify(.) by extension 'python_setup_py'
[11.890s] Level 1:colcon.colcon_core.package_identification:_identify(build) by extensions ['ignore', 'ignore_ament_install']
[11.890s] Level 1:colcon.colcon_core.package_identification:_identify(build) by extension 'ignore'
[11.890s] Level 1:colcon.colcon_core.package_identification:_identify(build) ignored
[11.890s] Level 1:colcon.colcon_core.package_identification:_identify(install) by extensions ['ignore', 'ignore_ament_install']
[11.890s] Level 1:colcon.colcon_core.package_identification:_identify(install) by extension 'ignore'
[11.890s] Level 1:colcon.colcon_core.package_identification:_identify(install) ignored
[11.890s] Level 1:colcon.colcon_core.package_identification:_identify(log) by extensions ['ignore', 'ignore_ament_install']
[11.890s] Level 1:colcon.colcon_core.package_identification:_identify(log) by extension 'ignore'
[11.890s] Level 1:colcon.colcon_core.package_identification:_identify(log) ignored
[11.890s] Level 1:colcon.colcon_core.package_identification:_identify(src) by extensions ['ignore', 'ignore_ament_install']
[11.890s] Level 1:colcon.colcon_core.package_identification:_identify(src) by extension 'ignore'
[11.891s] Level 1:colcon.colcon_core.package_identification:_identify(src) by extension 'ignore_ament_install'
[11.891s] Level 1:colcon.colcon_core.package_identification:_identify(src) by extensions ['colcon_pkg']
[11.891s] Level 1:colcon.colcon_core.package_identification:_identify(src) by extension 'colcon_pkg'
[11.891s] Level 1:colcon.colcon_core.package_identification:_identify(src) by extensions ['colcon_meta']
[11.891s] Level 1:colcon.colcon_core.package_identification:_identify(src) by extension 'colcon_meta'
[11.891s] Level 1:colcon.colcon_core.package_identification:_identify(src) by extensions ['ros']
[11.891s] Level 1:colcon.colcon_core.package_identification:_identify(src) by extension 'ros'
[11.891s] Level 1:colcon.colcon_core.package_identification:_identify(src) by extensions ['cmake', 'python']
[11.891s] Level 1:colcon.colcon_core.package_identification:_identify(src) by extension 'cmake'
[11.891s] Level 1:colcon.colcon_core.package_identification:_identify(src) by extension 'python'
[11.891s] Level 1:colcon.colcon_core.package_identification:_identify(src) by extensions ['python_setup_py']
[11.891s] Level 1:colcon.colcon_core.package_identification:_identify(src) by extension 'python_setup_py'
[11.891s] Level 1:colcon.colcon_core.package_identification:_identify(src/Copter) by extensions ['ignore', 'ignore_ament_install']
[11.891s] Level 1:colcon.colcon_core.package_identification:_identify(src/Copter) by extension 'ignore'
[11.891s] Level 1:colcon.colcon_core.package_identification:_identify(src/Copter) by extension 'ignore_ament_install'
[11.891s] Level 1:colcon.colcon_core.package_identification:_identify(src/Copter) by extensions ['colcon_pkg']
[11.891s] Level 1:colcon.colcon_core.package_identification:_identify(src/Copter) by extension 'colcon_pkg'
[11.891s] Level 1:colcon.colcon_core.package_identification:_identify(src/Copter) by extensions ['colcon_meta']
[11.891s] Level 1:colcon.colcon_core.package_identification:_identify(src/Copter) by extension 'colcon_meta'
[11.891s] Level 1:colcon.colcon_core.package_identification:_identify(src/Copter) by extensions ['ros']
[11.891s] Level 1:colcon.colcon_core.package_identification:_identify(src/Copter) by extension 'ros'
[11.985s] DEBUG:colcon.colcon_core.package_identification:Package 'src/Copter' with type 'ros.ament_python' and name 'Copter'
[11.985s] Level 1:colcon.colcon_core.package_discovery:discover_packages(recursive) using defaults
[11.985s] Level 1:colcon.colcon_core.package_discovery:discover_packages(ignore) discover
[11.986s] Level 1:colcon.colcon_core.package_discovery:discover_packages(ignore) using defaults
[11.986s] Level 1:colcon.colcon_core.package_discovery:discover_packages(path) discover
[11.986s] Level 1:colcon.colcon_core.package_discovery:discover_packages(path) using defaults
[13.332s] Level 1:colcon.colcon_core.package_discovery:discover_packages(prefix_path) check parameters
[13.333s] Level 1:colcon.colcon_core.package_discovery:discover_packages(prefix_path) discover
[13.742s] DEBUG:colcon.colcon_installed_package_information.package_discovery:Found 290 installed packages in /opt/ros/jazzy
[13.748s] Level 1:colcon.colcon_core.package_discovery:discover_packages(prefix_path) using defaults
[14.024s] Level 5:colcon.colcon_core.verb:set package 'Copter' build argument 'cmake_args' from command line to 'None'
[14.024s] Level 5:colcon.colcon_core.verb:set package 'Copter' build argument 'cmake_target' from command line to 'None'
[14.024s] Level 5:colcon.colcon_core.verb:set package 'Copter' build argument 'cmake_target_skip_unavailable' from command line to 'False'
[14.024s] Level 5:colcon.colcon_core.verb:set package 'Copter' build argument 'cmake_clean_cache' from command line to 'False'
[14.024s] Level 5:colcon.colcon_core.verb:set package 'Copter' build argument 'cmake_clean_first' from command line to 'False'
[14.024s] Level 5:colcon.colcon_core.verb:set package 'Copter' build argument 'cmake_force_configure' from command line to 'False'
[14.024s] Level 5:colcon.colcon_core.verb:set package 'Copter' build argument 'ament_cmake_args' from command line to 'None'
[14.024s] Level 5:colcon.colcon_core.verb:set package 'Copter' build argument 'catkin_cmake_args' from command line to 'None'
[14.024s] Level 5:colcon.colcon_core.verb:set package 'Copter' build argument 'catkin_skip_building_tests' from command line to 'False'
[14.024s] DEBUG:colcon.colcon_core.verb:Building package 'Copter' with the following arguments: {'ament_cmake_args': None, 'build_base': '/home/alejandro/Desktop/1-DOF_Copter/copter_ws/build/Copter', 'catkin_cmake_args': None, 'catkin_skip_building_tests': False, 'cmake_args': None, 'cmake_clean_cache': False, 'cmake_clean_first': False, 'cmake_force_configure': False, 'cmake_target': None, 'cmake_target_skip_unavailable': False, 'install_base': '/home/alejandro/Desktop/1-DOF_Copter/copter_ws/install/Copter', 'merge_install': False, 'path': '/home/alejandro/Desktop/1-DOF_Copter/copter_ws/src/Copter', 'symlink_install': False, 'test_result_base': None}
[14.024s] INFO:colcon.colcon_core.executor:Executing jobs using 'parallel' executor
[14.025s] DEBUG:colcon.colcon_parallel_executor.executor.parallel:run_until_complete
[14.025s] INFO:colcon.colcon_ros.task.ament_python.build:Building ROS package in '/home/alejandro/Desktop/1-DOF_Copter/copter_ws/src/Copter' with build type 'ament_python'
[14.025s] Level 1:colcon.colcon_core.shell:create_environment_hook('Copter', 'ament_prefix_path')
[14.333s] INFO:colcon.colcon_core.plugin_system:Skipping extension 'colcon_core.shell.bat': Not used on non-Windows systems
[14.333s] INFO:colcon.colcon_core.shell:Creating environment hook '/home/alejandro/Desktop/1-DOF_Copter/copter_ws/install/Copter/share/Copter/hook/ament_prefix_path.ps1'
[14.418s] INFO:colcon.colcon_core.shell:Creating environment descriptor '/home/alejandro/Desktop/1-DOF_Copter/copter_ws/install/Copter/share/Copter/hook/ament_prefix_path.dsv'
[14.461s] INFO:colcon.colcon_core.shell:Creating environment hook '/home/alejandro/Desktop/1-DOF_Copter/copter_ws/install/Copter/share/Copter/hook/ament_prefix_path.sh'
[14.490s] INFO:colcon.colcon_core.shell:Skip shell extension 'powershell' for command environment: Not usable outside of PowerShell
[14.490s] DEBUG:colcon.colcon_core.shell:Skip shell extension 'dsv' for command environment
[15.011s] INFO:colcon.colcon_core.task.python.build:Building Python package in '/home/alejandro/Desktop/1-DOF_Copter/copter_ws/src/Copter'
[15.011s] INFO:colcon.colcon_core.shell:Skip shell extension 'powershell' for command environment: Not usable outside of PowerShell
[15.011s] DEBUG:colcon.colcon_core.shell:Skip shell extension 'dsv' for command environment
[48.722s] DEBUG:colcon.colcon_core.task.python.build:Available setuptools commands: upload_docs, extract_messages, install_scripts, install, register, check, update_catalog, install_data, build_py, bdist_wheel, build_ext, editable_wheel, install_headers, clean, test, setopt, bdist, sdist, build_clib, rotate, saveopts, upload, init_catalog, install_lib, compile_catalog, bdist_rpm, dist_info, build, build_scripts, bdist_dumb, symlink_data, bdist_egg, easy_install, isort, alias, egg_info, install_egg_info, develop
[48.739s] DEBUG:colcon.colcon_core.event_handler.log_command:Invoking command in '/home/alejandro/Desktop/1-DOF_Copter/copter_ws/src/Copter': DEBUGINFOD_URLS=https://debuginfod.ubuntu.com PYTHONPATH=/home/alejandro/Desktop/1-DOF_Copter/copter_ws/build/Copter/prefix_override:/usr/lib/python3/dist-packages/colcon_core/task/python/colcon_distutils_commands:/home/alejandro/Desktop/1-DOF_Copter/copter_ws/install/Copter/lib/python3.12/site-packages:${PYTHONPATH} /usr/bin/python3 -W ignore:setup.py install is deprecated -W ignore:easy_install command is deprecated setup.py egg_info --egg-base ../../build/Copter build --build-base /home/alejandro/Desktop/1-DOF_Copter/copter_ws/build/Copter/build install --record /home/alejandro/Desktop/1-DOF_Copter/copter_ws/build/Copter/install.log --install-scripts $base/lib/Copter --single-version-externally-managed install_data
[49.497s] DEBUG:colcon.colcon_core.event_handler.log_command:Invoked command in '/home/alejandro/Desktop/1-DOF_Copter/copter_ws/src/Copter' returned '0': DEBUGINFOD_URLS=https://debuginfod.ubuntu.com PYTHONPATH=/home/alejandro/Desktop/1-DOF_Copter/copter_ws/build/Copter/prefix_override:/usr/lib/python3/dist-packages/colcon_core/task/python/colcon_distutils_commands:/home/alejandro/Desktop/1-DOF_Copter/copter_ws/install/Copter/lib/python3.12/site-packages:${PYTHONPATH} /usr/bin/python3 -W ignore:setup.py install is deprecated -W ignore:easy_install command is deprecated setup.py egg_info --egg-base ../../build/Copter build --build-base /home/alejandro/Desktop/1-DOF_Copter/copter_ws/build/Copter/build install --record /home/alejandro/Desktop/1-DOF_Copter/copter_ws/build/Copter/install.log --install-scripts $base/lib/Copter --single-version-externally-managed install_data
[50.064s] Level 1:colcon.colcon_core.environment:checking '/home/alejandro/Desktop/1-DOF_Copter/copter_ws/install/Copter' for CMake module files
[50.066s] Level 1:colcon.colcon_core.environment:checking '/home/alejandro/Desktop/1-DOF_Copter/copter_ws/install/Copter' for CMake config files
[50.068s] Level 1:colcon.colcon_core.environment:checking '/home/alejandro/Desktop/1-DOF_Copter/copter_ws/install/Copter/lib'
[50.069s] Level 1:colcon.colcon_core.environment:checking '/home/alejandro/Desktop/1-DOF_Copter/copter_ws/install/Copter/bin'
[50.069s] Level 1:colcon.colcon_core.environment:checking '/home/alejandro/Desktop/1-DOF_Copter/copter_ws/install/Copter/lib/pkgconfig/Copter.pc'
[50.069s] Level 1:colcon.colcon_core.environment:checking '/home/alejandro/Desktop/1-DOF_Copter/copter_ws/install/Copter/lib/python3.12/site-packages'
[50.069s] Level 1:colcon.colcon_core.shell:create_environment_hook('Copter', 'pythonpath')
[50.069s] INFO:colcon.colcon_core.shell:Creating environment hook '/home/alejandro/Desktop/1-DOF_Copter/copter_ws/install/Copter/share/Copter/hook/pythonpath.ps1'
[50.070s] INFO:colcon.colcon_core.shell:Creating environment descriptor '/home/alejandro/Desktop/1-DOF_Copter/copter_ws/install/Copter/share/Copter/hook/pythonpath.dsv'
[50.070s] INFO:colcon.colcon_core.shell:Creating environment hook '/home/alejandro/Desktop/1-DOF_Copter/copter_ws/install/Copter/share/Copter/hook/pythonpath.sh'
[50.070s] Level 1:colcon.colcon_core.environment:checking '/home/alejandro/Desktop/1-DOF_Copter/copter_ws/install/Copter/bin'
[50.070s] Level 1:colcon.colcon_core.environment:create_environment_scripts_only(Copter)
[50.071s] INFO:colcon.colcon_core.shell:Creating package script '/home/alejandro/Desktop/1-DOF_Copter/copter_ws/install/Copter/share/Copter/package.ps1'
[50.143s] INFO:colcon.colcon_core.shell:Creating package descriptor '/home/alejandro/Desktop/1-DOF_Copter/copter_ws/install/Copter/share/Copter/package.dsv'
[50.209s] INFO:colcon.colcon_core.shell:Creating package script '/home/alejandro/Desktop/1-DOF_Copter/copter_ws/install/Copter/share/Copter/package.sh'
[50.242s] INFO:colcon.colcon_core.shell:Creating package script '/home/alejandro/Desktop/1-DOF_Copter/copter_ws/install/Copter/share/Copter/package.bash'
[50.323s] INFO:colcon.colcon_core.shell:Creating package script '/home/alejandro/Desktop/1-DOF_Copter/copter_ws/install/Copter/share/Copter/package.zsh'
[50.422s] Level 1:colcon.colcon_core.environment:create_file_with_runtime_dependencies(/home/alejandro/Desktop/1-DOF_Copter/copter_ws/install/Copter/share/colcon-core/packages/Copter)
[50.423s] DEBUG:colcon.colcon_parallel_executor.executor.parallel:closing loop
[50.424s] DEBUG:colcon.colcon_parallel_executor.executor.parallel:loop closed
[50.425s] DEBUG:colcon.colcon_parallel_executor.executor.parallel:run_until_complete finished with '0'
[50.425s] DEBUG:colcon.colcon_core.event_reactor:joining thread
[50.557s] INFO:colcon.colcon_core.plugin_system:Skipping extension 'colcon_notification.desktop_notification.terminal_notifier': Not used on non-Darwin systems
[50.558s] INFO:colcon.colcon_core.plugin_system:Skipping extension 'colcon_notification.desktop_notification.win32': Not used on non-Windows systems
[50.558s] INFO:colcon.colcon_notification.desktop_notification:Sending desktop notification using 'notify2'
[50.609s] DEBUG:colcon.colcon_core.event_reactor:joined thread
[50.609s] INFO:colcon.colcon_core.shell:Creating prefix script '/home/alejandro/Desktop/1-DOF_Copter/copter_ws/install/local_setup.ps1'
[50.636s] INFO:colcon.colcon_core.shell:Creating prefix util module '/home/alejandro/Desktop/1-DOF_Copter/copter_ws/install/_local_setup_util_ps1.py'
[50.695s] INFO:colcon.colcon_core.shell:Creating prefix chain script '/home/alejandro/Desktop/1-DOF_Copter/copter_ws/install/setup.ps1'
[50.747s] INFO:colcon.colcon_core.shell:Creating prefix script '/home/alejandro/Desktop/1-DOF_Copter/copter_ws/install/local_setup.sh'
[50.759s] INFO:colcon.colcon_core.shell:Creating prefix util module '/home/alejandro/Desktop/1-DOF_Copter/copter_ws/install/_local_setup_util_sh.py'
[50.761s] INFO:colcon.colcon_core.shell:Creating prefix chain script '/home/alejandro/Desktop/1-DOF_Copter/copter_ws/install/setup.sh'
[50.774s] INFO:colcon.colcon_core.shell:Creating prefix script '/home/alejandro/Desktop/1-DOF_Copter/copter_ws/install/local_setup.bash'
[50.791s] INFO:colcon.colcon_core.shell:Creating prefix chain script '/home/alejandro/Desktop/1-DOF_Copter/copter_ws/install/setup.bash'
[50.857s] INFO:colcon.colcon_core.shell:Creating prefix script '/home/alejandro/Desktop/1-DOF_Copter/copter_ws/install/local_setup.zsh'
[50.905s] INFO:colcon.colcon_core.shell:Creating prefix chain script '/home/alejandro/Desktop/1-DOF_Copter/copter_ws/install/setup.zsh'
