[0.960s] Invoking command in '/home/alejo/Desktop/1-DOF_Copter/copter_ws/src/copter': DEBUGINFOD_URLS=https://debuginfod.ubuntu.com PYTHONPATH=/home/alejo/Desktop/1-DOF_Copter/copter_ws/build/copter/prefix_override:/usr/lib/python3/dist-packages/colcon_core/task/python/colcon_distutils_commands:/home/alejo/Desktop/1-DOF_Copter/copter_ws/install/copter/lib/python3.12/site-packages:${PYTHONPATH} /usr/bin/python3 -W ignore:setup.py install is deprecated -W ignore:easy_install command is deprecated setup.py egg_info --egg-base ../../build/copter build --build-base /home/alejo/Desktop/1-DOF_Copter/copter_ws/build/copter/build install --record /home/alejo/Desktop/1-DOF_Copter/copter_ws/build/copter/install.log --install-scripts $base/lib/copter --single-version-externally-managed install_data
[1.236s] running egg_info
[1.237s] creating ../../build/copter/copter.egg-info
[1.259s] writing ../../build/copter/copter.egg-info/PKG-INFO
[1.259s] writing dependency_links to ../../build/copter/copter.egg-info/dependency_links.txt
[1.260s] writing entry points to ../../build/copter/copter.egg-info/entry_points.txt
[1.260s] writing requirements to ../../build/copter/copter.egg-info/requires.txt
[1.260s] writing top-level names to ../../build/copter/copter.egg-info/top_level.txt
[1.260s] writing manifest file '../../build/copter/copter.egg-info/SOURCES.txt'
[1.307s] reading manifest file '../../build/copter/copter.egg-info/SOURCES.txt'
[1.307s] writing manifest file '../../build/copter/copter.egg-info/SOURCES.txt'
[1.308s] running build
[1.308s] running build_py
[1.308s] creating /home/alejo/Desktop/1-DOF_Copter/copter_ws/build/copter/build
[1.308s] creating /home/alejo/Desktop/1-DOF_Copter/copter_ws/build/copter/build/lib
[1.308s] creating /home/alejo/Desktop/1-DOF_Copter/copter_ws/build/copter/build/lib/copter
[1.308s] copying copter/serialNode.py -> /home/alejo/Desktop/1-DOF_Copter/copter_ws/build/copter/build/lib/copter
[1.308s] copying copter/userBroadcast.py -> /home/alejo/Desktop/1-DOF_Copter/copter_ws/build/copter/build/lib/copter
[1.308s] copying copter/__init__.py -> /home/alejo/Desktop/1-DOF_Copter/copter_ws/build/copter/build/lib/copter
[1.308s] running install
[1.313s] running install_lib
[1.337s] copying /home/alejo/Desktop/1-DOF_Copter/copter_ws/build/copter/build/lib/copter/serialNode.py -> /home/alejo/Desktop/1-DOF_Copter/copter_ws/install/copter/lib/python3.12/site-packages/copter
[1.337s] copying /home/alejo/Desktop/1-DOF_Copter/copter_ws/build/copter/build/lib/copter/userBroadcast.py -> /home/alejo/Desktop/1-DOF_Copter/copter_ws/install/copter/lib/python3.12/site-packages/copter
[1.337s] byte-compiling /home/alejo/Desktop/1-DOF_Copter/copter_ws/install/copter/lib/python3.12/site-packages/copter/serialNode.py to serialNode.cpython-312.pyc
[1.338s] byte-compiling /home/alejo/Desktop/1-DOF_Copter/copter_ws/install/copter/lib/python3.12/site-packages/copter/userBroadcast.py to userBroadcast.cpython-312.pyc
[1.339s] running install_data
[1.339s] copying package.xml -> /home/alejo/Desktop/1-DOF_Copter/copter_ws/install/copter/share/copter
[1.339s] running install_egg_info
[1.364s] removing '/home/alejo/Desktop/1-DOF_Copter/copter_ws/install/copter/lib/python3.12/site-packages/copter-0.0.0-py3.12.egg-info' (and everything under it)
[1.364s] Copying ../../build/copter/copter.egg-info to /home/alejo/Desktop/1-DOF_Copter/copter_ws/install/copter/lib/python3.12/site-packages/copter-0.0.0-py3.12.egg-info
[1.365s] running install_scripts
[1.522s] Installing serial script to /home/alejo/Desktop/1-DOF_Copter/copter_ws/install/copter/lib/copter
[1.522s] Installing tester script to /home/alejo/Desktop/1-DOF_Copter/copter_ws/install/copter/lib/copter
[1.522s] writing list of installed files to '/home/alejo/Desktop/1-DOF_Copter/copter_ws/build/copter/install.log'
[1.549s] Invoked command in '/home/alejo/Desktop/1-DOF_Copter/copter_ws/src/copter' returned '0': DEBUGINFOD_URLS=https://debuginfod.ubuntu.com PYTHONPATH=/home/alejo/Desktop/1-DOF_Copter/copter_ws/build/copter/prefix_override:/usr/lib/python3/dist-packages/colcon_core/task/python/colcon_distutils_commands:/home/alejo/Desktop/1-DOF_Copter/copter_ws/install/copter/lib/python3.12/site-packages:${PYTHONPATH} /usr/bin/python3 -W ignore:setup.py install is deprecated -W ignore:easy_install command is deprecated setup.py egg_info --egg-base ../../build/copter build --build-base /home/alejo/Desktop/1-DOF_Copter/copter_ws/build/copter/build install --record /home/alejo/Desktop/1-DOF_Copter/copter_ws/build/copter/install.log --install-scripts $base/lib/copter --single-version-externally-managed install_data
